Component: ARM Compiler 5.06 update 7 (build 960) Tool: armlink [4d3601]

==============================================================================

Section Cross References

    startup_stm32f103xb.o(STACK) refers (Special) to heapauxi.o(.text) for __use_two_region_memory
    startup_stm32f103xb.o(HEAP) refers (Special) to heapauxi.o(.text) for __use_two_region_memory
    startup_stm32f103xb.o(RESET) refers (Special) to heapauxi.o(.text) for __use_two_region_memory
    startup_stm32f103xb.o(RESET) refers to startup_stm32f103xb.o(STACK) for __initial_sp
    startup_stm32f103xb.o(RESET) refers to startup_stm32f103xb.o(.text) for Reset_Handler
    startup_stm32f103xb.o(RESET) refers to stm32f1xx_it.o(i.NMI_Handler) for NMI_Handler
    startup_stm32f103xb.o(RESET) refers to stm32f1xx_it.o(i.HardFault_Handler) for HardFault_Handler
    startup_stm32f103xb.o(RESET) refers to stm32f1xx_it.o(i.MemManage_Handler) for MemManage_Handler
    startup_stm32f103xb.o(RESET) refers to stm32f1xx_it.o(i.BusFault_Handler) for BusFault_Handler
    startup_stm32f103xb.o(RESET) refers to stm32f1xx_it.o(i.UsageFault_Handler) for UsageFault_Handler
    startup_stm32f103xb.o(RESET) refers to port.o(.emb_text) for SVC_Handler
    startup_stm32f103xb.o(RESET) refers to stm32f1xx_it.o(i.DebugMon_Handler) for DebugMon_Handler
    startup_stm32f103xb.o(RESET) refers to port.o(i.SysTick_Handler) for SysTick_Handler
    startup_stm32f103xb.o(RESET) refers to stm32f1xx_it.o(i.EXTI1_IRQHandler) for EXTI1_IRQHandler
    startup_stm32f103xb.o(RESET) refers to stm32f1xx_it.o(i.EXTI4_IRQHandler) for EXTI4_IRQHandler
    startup_stm32f103xb.o(RESET) refers to stm32f1xx_it.o(i.TIM1_UP_IRQHandler) for TIM1_UP_IRQHandler
    startup_stm32f103xb.o(RESET) refers to stm32f1xx_it.o(i.TIM2_IRQHandler) for TIM2_IRQHandler
    startup_stm32f103xb.o(RESET) refers to stm32f1xx_it.o(i.TIM3_IRQHandler) for TIM3_IRQHandler
    startup_stm32f103xb.o(RESET) refers to stm32f1xx_it.o(i.TIM4_IRQHandler) for TIM4_IRQHandler
    startup_stm32f103xb.o(RESET) refers to stm32f1xx_it.o(i.USART1_IRQHandler) for USART1_IRQHandler
    startup_stm32f103xb.o(.text) refers (Special) to heapauxi.o(.text) for __use_two_region_memory
    startup_stm32f103xb.o(.text) refers to system_stm32f1xx.o(i.SystemInit) for SystemInit
    startup_stm32f103xb.o(.text) refers to __main.o(!!!main) for __main
    startup_stm32f103xb.o(.text) refers to startup_stm32f103xb.o(HEAP) for Heap_Mem
    startup_stm32f103xb.o(.text) refers to startup_stm32f103xb.o(STACK) for Stack_Mem
    main.o(i.GetTick) refers to main.o(.data) for .data
    main.o(i.HAL_GPIO_EXTI_Callback) refers to main.o(.data) for .data
    main.o(i.HAL_TIM_PeriodElapsedCallback) refers to stm32f1xx_hal.o(i.HAL_IncTick) for HAL_IncTick
    main.o(i.HAL_TIM_PeriodElapsedCallback) refers to main.o(i.My_TIM2_Handle) for My_TIM2_Handle
    main.o(i.HAL_TIM_PeriodElapsedCallback) refers to menu.o(i.My_TIM3_IRQHandler) for My_TIM3_IRQHandler
    main.o(i.My_Init) refers to stm32f1xx_hal_gpio.o(i.HAL_GPIO_WritePin) for HAL_GPIO_WritePin
    main.o(i.My_Init) refers to oled.o(i.OLED_Init) for OLED_Init
    main.o(i.My_Init) refers to myrtc.o(i.MyRTC_Init) for MyRTC_Init
    main.o(i.My_Init) refers to stm32f1xx_hal_tim.o(i.HAL_TIM_Base_Start_IT) for HAL_TIM_Base_Start_IT
    main.o(i.My_Init) refers to stm32f1xx_hal.o(i.HAL_Delay) for HAL_Delay
    main.o(i.My_Init) refers to mpu6050.o(i.MPU6050_Init) for MPU6050_Init
    main.o(i.My_Init) refers to lift_int.o(i.MPU6050_EnableMotionInterrupt) for MPU6050_EnableMotionInterrupt
    main.o(i.My_Init) refers to menu.o(i.Buzzer_SetFreq) for Buzzer_SetFreq
    main.o(i.My_Init) refers to step_counting.o(i.filter_init) for filter_init
    main.o(i.My_Init) refers to step_counting.o(i.peak_newvalue_init) for peak_newvalue_init
    main.o(i.My_Init) refers to main.o(i.__NVIC_DisableIRQ) for __NVIC_DisableIRQ
    main.o(i.My_Init) refers to main.o(.data) for .data
    main.o(i.My_Init) refers to tim.o(.bss) for htim2
    main.o(i.My_Init) refers to step_counting.o(.bss) for peak
    main.o(i.My_Init) refers to step_counting.o(.data) for sample_count
    main.o(i.My_LED_test) refers to stm32f1xx_hal_gpio.o(i.HAL_GPIO_TogglePin) for HAL_GPIO_TogglePin
    main.o(i.My_LED_test) refers to tasks.o(i.vTaskDelay) for vTaskDelay
    main.o(i.My_Main) refers to queue.o(i.xQueueGenericCreate) for xQueueGenericCreate
    main.o(i.My_Main) refers to tasks.o(i.xTaskCreate) for xTaskCreate
    main.o(i.My_Main) refers to main.o(i.My_Send_Task_Queue) for My_Send_Task_Queue
    main.o(i.My_Main) refers to tasks.o(i.vTaskDelete) for vTaskDelete
    main.o(i.My_Main) refers to cmsis_os2.o(i.osDelay) for osDelay
    main.o(i.My_Main) refers to main.o(.data) for .data
    main.o(i.My_Main) refers to step_counting.o(i.step_counting_function) for step_counting_function
    main.o(i.My_Main) refers to main.o(i.Task_PageManager) for Task_PageManager
[...]
    xTaskResumeAll                           0x080099c1   Thumb Code   182  tasks.o(i.xTaskResumeAll)
    xTimerCreateTimerTask                    0x08009a85   Thumb Code    78  timers.o(i.xTimerCreateTimerTask)
    xTimerGenericCommand                     0x08009ae5   Thumb Code    98  timers.o(i.xTimerGenericCommand)
    _get_lc_numeric                          0x08009b4d   Thumb Code    44  lc_numeric_c.o(locale$$code)
    _get_lc_ctype                            0x08009b79   Thumb Code    44  lc_ctype_c.o(locale$$code)
    __aeabi_d2f                              0x08009ba5   Thumb Code     0  d2f.o(x$fpl$d2f)
    _d2f                                     0x08009ba5   Thumb Code    98  d2f.o(x$fpl$d2f)
    __aeabi_dadd                             0x08009c09   Thumb Code     0  daddsub_clz.o(x$fpl$dadd)
    _dadd                                    0x08009c09   Thumb Code   332  daddsub_clz.o(x$fpl$dadd)
    __fpl_dcheck_NaN1                        0x08009d59   Thumb Code    10  dcheck1.o(x$fpl$dcheck1)
    __aeabi_ddiv                             0x08009d69   Thumb Code     0  ddiv.o(x$fpl$ddiv)
    _ddiv                                    0x08009d69   Thumb Code   552  ddiv.o(x$fpl$ddiv)
    __aeabi_d2iz                             0x0800a019   Thumb Code     0  dfix.o(x$fpl$dfix)
    _dfix                                    0x0800a019   Thumb Code    94  dfix.o(x$fpl$dfix)
    __aeabi_d2uiz                            0x0800a079   Thumb Code     0  dfixu.o(x$fpl$dfixu)
    _dfixu                                   0x0800a079   Thumb Code    90  dfixu.o(x$fpl$dfixu)
    __aeabi_i2d                              0x0800a0d3   Thumb Code     0  dflt_clz.o(x$fpl$dflt)
    _dflt                                    0x0800a0d3   Thumb Code    46  dflt_clz.o(x$fpl$dflt)
    __aeabi_ui2d                             0x0800a101   Thumb Code     0  dflt_clz.o(x$fpl$dfltu)
    _dfltu                                   0x0800a101   Thumb Code    38  dflt_clz.o(x$fpl$dfltu)
    __aeabi_dmul                             0x0800a129   Thumb Code     0  dmul.o(x$fpl$dmul)
    _dmul                                    0x0800a129   Thumb Code   332  dmul.o(x$fpl$dmul)
    __fpl_dnaninf                            0x0800a27d   Thumb Code   156  dnaninf.o(x$fpl$dnaninf)
    __fpl_dretinf                            0x0800a319   Thumb Code    12  dretinf.o(x$fpl$dretinf)
    __aeabi_drsub                            0x0800a325   Thumb Code     0  daddsub_clz.o(x$fpl$drsb)
    _drsb                                    0x0800a325   Thumb Code    22  daddsub_clz.o(x$fpl$drsb)
    __aeabi_dsub                             0x0800a33d   Thumb Code     0  daddsub_clz.o(x$fpl$dsub)
    _dsub                                    0x0800a33d   Thumb Code   464  daddsub_clz.o(x$fpl$dsub)
    __aeabi_f2d                              0x0800a511   Thumb Code     0  f2d.o(x$fpl$f2d)
    _f2d                                     0x0800a511   Thumb Code    86  f2d.o(x$fpl$f2d)
    __aeabi_fadd                             0x0800a569   Thumb Code     0  faddsub_clz.o(x$fpl$fadd)
    _fadd                                    0x0800a569   Thumb Code   196  faddsub_clz.o(x$fpl$fadd)
    __aeabi_fdiv                             0x0800a62d   Thumb Code     0  fdiv.o(x$fpl$fdiv)
    _fdiv                                    0x0800a62d   Thumb Code   384  fdiv.o(x$fpl$fdiv)
    __aeabi_f2iz                             0x0800a7b1   Thumb Code     0  ffix.o(x$fpl$ffix)
    _ffix                                    0x0800a7b1   Thumb Code    54  ffix.o(x$fpl$ffix)
    __aeabi_ui2f                             0x0800a7e9   Thumb Code     0  fflt_clz.o(x$fpl$ffltu)
    _ffltu                                   0x0800a7e9   Thumb Code    38  fflt_clz.o(x$fpl$ffltu)
    __aeabi_fmul                             0x0800a811   Thumb Code     0  fmul.o(x$fpl$fmul)
    _fmul                                    0x0800a811   Thumb Code   258  fmul.o(x$fpl$fmul)
    __fpl_fnaninf                            0x0800a913   Thumb Code   140  fnaninf.o(x$fpl$fnaninf)
    __fpl_fretinf                            0x0800a99f   Thumb Code    10  fretinf.o(x$fpl$fretinf)
    __aeabi_fsub                             0x0800a9a9   Thumb Code     0  faddsub_clz.o(x$fpl$fsub)
    _fsub                                    0x0800a9a9   Thumb Code   234  faddsub_clz.o(x$fpl$fsub)
    _printf_fp_dec                           0x0800aa93   Thumb Code     4  printf1.o(x$fpl$printf1)
    _printf_fp_hex                           0x0800aa97   Thumb Code     4  printf2.o(x$fpl$printf2)
    __fpl_return_NaN                         0x0800aa9b   Thumb Code   100  retnan.o(x$fpl$retnan)
    __ARM_scalbn                             0x0800aaff   Thumb Code    92  scalbn.o(x$fpl$scalbn)
    __fpl_cmpreturn                          0x0800ab5b   Thumb Code    48  trapv.o(x$fpl$trapveneer)
    __I$use$fp                               0x0800ab8a   Number         0  usenofp.o(x$fpl$usenofp)
    defaultTask_attributes                   0x0800ab8c   Data          36  freertos.o(.constdata)
    AHBPrescTable                            0x0800abd4   Data          16  system_stm32f1xx.o(.constdata)
    APBPrescTable                            0x0800abe4   Data           8  system_stm32f1xx.o(.constdata)
    OLED_F8x16                               0x0800abec   Data        1520  oled_data.o(.constdata)
    OLED_F6x8                                0x0800b1dc   Data         570  oled_data.o(.constdata)
    OLED_F12x24                              0x0800b416   Data        3420  oled_data.o(.constdata)
    OLED_F14x28                              0x0800c172   Data        5320  oled_data.o(.constdata)
    OLED_CF16x16                             0x0800d63a   Data        2592  oled_data.o(.constdata)
    Return                                   0x0800e05a   Data          32  oled_data.o(.constdata)
    battery                                  0x0800e07a   Data          32  oled_data.o(.constdata)
    Menu_Graph                               0x0800e09a   Data        1024  oled_data.o(.constdata)
    Ground                                   0x0800e49a   Data         256  oled_data.o(.constdata)
    Barrier                                  0x0800e59a   Data         144  oled_data.o(.constdata)
    Cloud                                    0x0800e62a   Data          16  oled_data.o(.constdata)
    Dino                                     0x0800e63a   Data         144  oled_data.o(.constdata)
    Frame                                    0x0800e6ca   Data         264  oled_data.o(.constdata)
    Process_Frame                            0x0800e7d2   Data         128  oled_data.o(.constdata)
    Step_ico_samll                           0x0800e852   Data           8  oled_data.o(.constdata)
    Menu_ico                                 0x0800e85a   Data          32  oled_data.o(.constdata)
    Setting_ico                              0x0800e87a   Data          32  oled_data.o(.constdata)
    Region$$Table$$Base                      0x0800eac8   Number         0  anon$$obj.o(Region$$Table)
    Region$$Table$$Limit                     0x0800eae8   Number         0  anon$$obj.o(Region$$Table)
    __ctype                                  0x0800eb11   Data           0  lc_ctype_c.o(locale$$data)
    key_open_flag                            0x20000000   Data           1  main.o(.data)
    time_count_flag                          0x20000001   Data           1  main.o(.data)
    now_flag                                 0x20000002   Data           1  main.o(.data)
    resume_flag                              0x20000003   Data           1  main.o(.data)
    key_irq                                  0x20000004   Data           1  main.o(.data)
    first_open_flag                          0x20000005   Data           1  main.o(.data)
    if_count                                 0x20000006   Data           1  main.o(.data)
    no_step_count                            0x20000007   Data           1  main.o(.data)
    loop_test_flag                           0x20000008   Data           1  main.o(.data)
    current_page                             0x20000009   Data           1  main.o(.data)
    into_stop_flag                           0x2000000a   Data           1  main.o(.data)
    target_page                              0x2000000b   Data           1  main.o(.data)
    time_count_ms                            0x2000000c   Data           4  main.o(.data)
    time_count_s                             0x20000010   Data           4  main.o(.data)
    ScreenOff_Permit                         0x20000014   Data           4  main.o(.data)
    Tick                                     0x20000018   Data           4  main.o(.data)
    ScreenOnTime                             0x2000001c   Data           4  main.o(.data)
    TaskHandle_Step_Counting                 0x20000020   Data           4  main.o(.data)
    TaskHandle_FirstPage_Clock               0x20000024   Data           4  main.o(.data)
    TaskHandle_Menu                          0x20000028   Data           4  main.o(.data)
    TaskHandle_Setting                       0x2000002c   Data           4  main.o(.data)
    TaskHandle_SetTime                       0x20000030   Data           4  main.o(.data)
    TaskHandle_Stopwatch                     0x20000034   Data           4  main.o(.data)
    TaskHandle_Dino                          0x20000038   Data           4  main.o(.data)
    TaskHandle_Flash                         0x2000003c   Data           4  main.o(.data)
    TaskHandle_Music                         0x20000040   Data           4  main.o(.data)
    Queue_PageSwitch                         0x20000044   Data           4  main.o(.data)
    defaultTaskHandle                        0x20000048   Data           4  freertos.o(.data)
    uwTickFreq                               0x2000004c   Data           1  stm32f1xx_hal.o(.data)
    uwTickPrio                               0x20000050   Data           4  stm32f1xx_hal.o(.data)
    uwTick                                   0x20000054   Data           4  stm32f1xx_hal.o(.data)
    SystemCoreClock                          0x20000058   Data           4  system_stm32f1xx.o(.data)
    MyRTC_Time                               0x2000005c   Data          28  myrtc.o(.data)
    MyRTC_Time_Init                          0x20000078   Data          28  myrtc.o(.data)
    Key_Num                                  0x20000097   Data           1  key.o(.data)
    press_time                               0x20000098   Data           4  key.o(.data)
    back_to_home_flag                        0x2000009c   Data           1  menu.o(.data)
    x_pre                                    0x2000009d   Data           1  menu.o(.data)
    Speed                                    0x2000009e   Data           1  menu.o(.data)
    move_flag                                0x2000009f   Data           1  menu.o(.data)
    stopwatch_flag                           0x200000a0   Data           1  menu.o(.data)
    open_clk                                 0x200000a1   Data           1  menu.o(.data)
    stopwatch_update_flag                    0x200000a2   Data           1  menu.o(.data)
    paulse                                   0x200000a3   Data           1  menu.o(.data)
    lap_flag                                 0x200000a4   Data           1  menu.o(.data)
    dino_Flag                                0x200000a5   Data           1  menu.o(.data)
    flash_open                               0x200000a6   Data           1  menu.o(.data)
    flash_Flag                               0x200000a7   Data           1  menu.o(.data)
    music_Flag                               0x200000a8   Data           1  menu.o(.data)
    music_Flag_Temp                          0x200000a9   Data           1  menu.o(.data)
    music_state                              0x200000aa   Data           1  menu.o(.data)
    KeyNum                                   0x200000ab   Data           1  menu.o(.data)
    pre_selection                            0x200000ac   Data           1  menu.o(.data)
    target_selection                         0x200000ad   Data           1  menu.o(.data)
    game_Flag                                0x200000ae   Data           1  menu.o(.data)
    ADValue                                  0x200000b0   Data           2  menu.o(.data)
    open_time                                0x200000b4   Data           4  menu.o(.data)
    Clkflag                                  0x200000b8   Data           4  menu.o(.data)
    Setflag                                  0x200000bc   Data           4  menu.o(.data)
    menuFlag                                 0x200000c0   Data           4  menu.o(.data)
    time_buf                                 0x200000c4   Data           4  menu.o(.data)
    sec_cen_total                            0x200000c8   Data           4  menu.o(.data)
    time_lap_buf0                            0x200000cc   Data           4  menu.o(.data)
    time_lap_buf1                            0x200000d0   Data           4  menu.o(.data)
    time_lap_buf2                            0x200000d4   Data           4  menu.o(.data)
    time_lap_buf3                            0x200000d8   Data           4  menu.o(.data)
    music_total_time                         0x200000dc   Data           4  menu.o(.data)
    music_process                            0x200000e0   Data           4  menu.o(.data)
    music_start_tick                         0x200000e4   Data           4  menu.o(.data)
    music_pause_tick                         0x200000e8   Data           4  menu.o(.data)
    music_paused_time                        0x200000ec   Data           4  menu.o(.data)
    VBAT                                     0x200000f0   Data           4  menu.o(.data)
    Battery_Capacity                         0x200000f4   Data           4  menu.o(.data)
    Music_Play_Handle                        0x200000f8   Data           4  menu.o(.data)
    HappyBirthday_Music                      0x200000fc   Data         104  menu.o(.data)
    SetTimeflag                              0x20000164   Data           4  settime.o(.data)
    dino_jump_flag                           0x20000168   Data           1  dino.o(.data)
    Jump_Pos                                 0x2000016c   Data           1  dino.o(.data)
    barrier_flag                             0x2000016d   Data           1  dino.o(.data)
    Ground_Pos                               0x2000016e   Data           2  dino.o(.data)
    Barrier_Pos                              0x20000170   Data           2  dino.o(.data)
    Cloud_Pos                                0x20000172   Data           2  dino.o(.data)
    jump_t                                   0x20000174   Data           2  dino.o(.data)
    Score                                    0x20000178   Data           4  dino.o(.data)
    barrier                                  0x2000017c   Data           4  dino.o(.data)
    dino                                     0x20000180   Data           4  dino.o(.data)
    pi                                       0x20000188   Data           8  dino.o(.data)
    aax                                      0x20000190   Data           2  step_counting.o(.data)
    aay                                      0x20000192   Data           2  step_counting.o(.data)
    aaz                                      0x20000194   Data           2  step_counting.o(.data)
    AX                                       0x20000196   Data           2  step_counting.o(.data)
    AY                                       0x20000198   Data           2  step_counting.o(.data)
    AZ                                       0x2000019a   Data           2  step_counting.o(.data)
    GX                                       0x2000019c   Data           2  step_counting.o(.data)
    GY                                       0x2000019e   Data           2  step_counting.o(.data)
    GZ                                       0x200001a0   Data           2  step_counting.o(.data)
    fil_ax                                   0x200001a2   Data           2  step_counting.o(.data)
    fil_ay                                   0x200001a4   Data           2  step_counting.o(.data)
    fil_az                                   0x200001a6   Data           2  step_counting.o(.data)
    threshold_x                              0x200001a8   Data           2  step_counting.o(.data)
    threshold_y                              0x200001aa   Data           2  step_counting.o(.data)
    threshold_z                              0x200001ac   Data           2  step_counting.o(.data)
    sample_count                             0x200001b0   Data           4  step_counting.o(.data)
    step_count                               0x200001b4   Data           4  step_counting.o(.data)
    current_sample                           0x200001b8   Data           6  step_counting.o(.data)
    Serial_RxFlag                            0x200001c0   Data           1  serial.o(.data)
    Serial_TxPacket                          0x200001c1   Data           4  serial.o(.data)
    Serial_RxPacket                          0x200001c5   Data           4  serial.o(.data)
    text                                     0x200001c9   Data           1  lift_int.o(.data)
    text1                                    0x200001ca   Data           1  lift_int.o(.data)
    pxCurrentTCB                             0x200001cc   Data           4  tasks.o(.data)
    hadc1                                    0x2000024c   Data          48  adc.o(.bss)
    hrtc                                     0x2000027c   Data          20  rtc.o(.bss)
    htim2                                    0x20000290   Data          72  tim.o(.bss)
    htim3                                    0x200002d8   Data          72  tim.o(.bss)
    htim4                                    0x20000320   Data          72  tim.o(.bss)
    huart1                                   0x20000368   Data          72  usart.o(.bss)
    htim1                                    0x200003b0   Data          72  stm32f1xx_hal_timebase_tim.o(.bss)
    OLED_DisplayBuf                          0x200003f8   Data        1024  oled.o(.bss)
    filter                                   0x200007f8   Data          26  step_counting.o(.bss)
    peak                                     0x20000812   Data          24  step_counting.o(.bss)
    slid                                     0x2000082a   Data          12  step_counting.o(.bss)
    xQueueRegistry                           0x20000838   Data          64  queue.o(.bss)
    _random_number_data                      0x20003d0c   Data         228  rand.o(.bss)
    __libspace_start                         0x20003df0   Data          96  libspace.o(.bss)
    __temporary_stack_top$libspace           0x20003e50   Data           0  libspace.o(.bss)



==============================================================================

Memory Map of the image

  Image Entry point : 0x080000ed

  Load Region LR_IROM1 (Base: 0x08000000, Size: 0x0000ee60, Max: 0x00010000, ABSOLUTE, COMPRESSED[0x0000ec90])

    Execution Region ER_IROM1 (Exec base: 0x08000000, Load base: 0x08000000, Size: 0x0000ec14, Max: 0x00010000, ABSOLUTE)

    Exec Addr    Load Addr    Size         Type   Attr      Idx    E Section Name        Object

    0x08000000   0x08000000   0x000000ec   Data   RO            3    RESET               startup_stm32f103xb.o
    0x080000ec   0x080000ec   0x00000008   Code   RO         6586  * !!!main             c_w.l(__main.o)
    0x080000f4   0x080000f4   0x00000034   Code   RO         7053    !!!scatter          c_w.l(__scatter.o)
    0x08000128   0x08000128   0x0000005a   Code   RO         7051    !!dczerorl2         c_w.l(__dczerorl2.o)
    0x08000182   0x08000182   0x00000002   PAD
    0x08000184   0x08000184   0x0000001c   Code   RO         7055    !!handler_zi        c_w.l(__scatter_zi.o)
    0x080001a0   0x080001a0   0x00000000   Code   RO         6744    .ARM.Collect$$_printf_percent$$00000000  c_w.l(_printf_percent.o)
    0x080001a0   0x080001a0   0x00000006   Code   RO         6733    .ARM.Collect$$_printf_percent$$00000001  c_w.l(_printf_n.o)
    0x080001a6   0x080001a6   0x00000006   Code   RO         6735    .ARM.Collect$$_printf_percent$$00000002  c_w.l(_printf_p.o)
    0x080001ac   0x080001ac   0x00000006   Code   RO         6740    .ARM.Collect$$_printf_percent$$00000003  c_w.l(_printf_f.o)
    0x080001b2   0x080001b2   0x00000006   Code   RO         6741    .ARM.Collect$$_printf_percent$$00000004  c_w.l(_printf_e.o)
    0x080001b8   0x080001b8   0x00000006   Code   RO         6742    .ARM.Collect$$_printf_percent$$00000005  c_w.l(_printf_g.o)
    0x080001be   0x080001be   0x00000006   Code   RO         6743    .ARM.Collect$$_printf_percent$$00000006  c_w.l(_printf_a.o)
    0x080001c4   0x080001c4   0x0000000a   Code   RO         6748    .ARM.Collect$$_printf_percent$$00000007  c_w.l(_printf_ll.o)
    0x080001ce   0x080001ce   0x00000006   Code   RO         6737    .ARM.Collect$$_printf_percent$$00000008  c_w.l(_printf_i.o)
    0x080001d4   0x080001d4   0x00000006   Code   RO         6738    .ARM.Collect$$_printf_percent$$00000009  c_w.l(_printf_d.o)
    0x080001da   0x080001da   0x00000006   Code   RO         6739    .ARM.Collect$$_printf_percent$$0000000A  c_w.l(_printf_u.o)
    0x080001e0   0x080001e0   0x00000006   Code   RO         6736    .ARM.Collect$$_printf_percent$$0000000B  c_w.l(_printf_o.o)
    0x080001e6   0x080001e6   0x00000006   Code   RO         6734    .ARM.Collect$$_printf_percent$$0000000C  c_w.l(_printf_x.o)
    0x080001ec   0x080001ec   0x00000006   Code   RO         6745    .ARM.Collect$$_printf_percent$$0000000D  c_w.l(_printf_lli.o)
    0x080001f2   0x080001f2   0x00000006   Code   RO         6746    .ARM.Collect$$_printf_percent$$0000000E  c_w.l(_printf_lld.o)
    0x080001f8   0x080001f8   0x00000006   Code   RO         6747    .ARM.Collect$$_printf_percent$$0000000F  c_w.l(_printf_llu.o)
    0x080001fe   0x080001fe   0x00000006   Code   RO         6752    .ARM.Collect$$_printf_percent$$00000010  c_w.l(_printf_llo.o)
    0x08000204   0x08000204   0x00000006   Code   RO         6753    .ARM.Collect$$_printf_percent$$00000011  c_w.l(_printf_llx.o)
    0x0800020a   0x0800020a   0x0000000a   Code   RO         6749    .ARM.Collect$$_printf_percent$$00000012  c_w.l(_printf_l.o)
    0x08000214   0x08000214   0x00000006   Code   RO         6731    .ARM.Collect$$_printf_percent$$00000013  c_w.l(_printf_c.o)
    0x0800021a   0x0800021a   0x00000006   Code   RO         6732    .ARM.Collect$$_printf_percent$$00000014  c_w.l(_printf_s.o)
    0x08000220   0x08000220   0x00000006   Code   RO         6750    .ARM.Collect$$_printf_percent$$00000015  c_w.l(_printf_lc.o)
    0x08000226   0x08000226   0x00000006   Code   RO         6751    .ARM.Collect$$_printf_percent$$00000016  c_w.l(_printf_ls.o)
    0x0800022c   0x0800022c   0x00000004   Code   RO         6898    .ARM.Collect$$_printf_percent$$00000017  c_w.l(_printf_percent_end.o)
    0x08000230   0x08000230   0x00000002   Code   RO         6964    .ARM.Collect$$libinit$$00000000  c_w.l(libinit.o)
    0x08000232   0x08000232   0x00000000   Code   RO         6759    .ARM.Collect$$libinit$$00000002  c_w.l(libinit2.o)
    0x08000232   0x08000232   0x00000000   Code   RO         6761    .ARM.Collect$$libinit$$00000004  c_w.l(libinit2.o)
    0x08000232   0x08000232   0x00000000   Code   RO         6764    .ARM.Collect$$libinit$$0000000A  c_w.l(libinit2.o)
    0x08000232   0x08000232   0x00000000   Code   RO         6766    .ARM.Collect$$libinit$$0000000C  c_w.l(libinit2.o)
    0x08000232   0x08000232   0x00000004   Code   RO         6767    .ARM.Collect$$libinit$$0000000D  c_w.l(libinit2.o)
    0x08000236   0x08000236   0x00000000   Code   RO         6768    .ARM.Collect$$libinit$$0000000E  c_w.l(libinit2.o)
    0x08000236   0x08000236   0x00000006   Code   RO         6769    .ARM.Collect$$libinit$$0000000F  c_w.l(libinit2.o)
    0x0800023c   0x0800023c   0x00000000   Code   RO         6771    .ARM.Collect$$libinit$$00000011  c_w.l(libinit2.o)
    0x0800023c   0x0800023c   0x0000000c   Code   RO         6772    .ARM.Collect$$libinit$$00000012  c_w.l(libinit2.o)
    0x08000248   0x08000248   0x00000000   Code   RO         6773    .ARM.Collect$$libinit$$00000013  c_w.l(libinit2.o)
    0x08000248   0x08000248   0x00000000   Code   RO         6775    .ARM.Collect$$libinit$$00000015  c_w.l(libinit2.o)
    0x08000248   0x08000248   0x0000000a   Code   RO         6776    .ARM.Collect$$libinit$$00000016  c_w.l(libinit2.o)
    0x08000252   0x08000252   0x00000000   Code   RO         6777    .ARM.Collect$$libinit$$00000017  c_w.l(libinit2.o)
    0x08000252   0x08000252   0x00000000   Code   RO         6779    .ARM.Collect$$libinit$$00000019  c_w.l(libinit2.o)
    0x08000252   0x08000252   0x00000000   Code   RO         6781    .ARM.Collect$$libinit$$0000001B  c_w.l(libinit2.o)
    0x08000252   0x08000252   0x00000000   Code   RO         6783    .ARM.Collect$$libinit$$0000001D  c_w.l(libinit2.o)
    0x08000252   0x08000252   0x00000000   Code   RO         6785    .ARM.Collect$$libinit$$0000001F  c_w.l(libinit2.o)
    0x08000252   0x08000252   0x00000000   Code   RO         6787    .ARM.Collect$$libinit$$00000021  c_w.l(libinit2.o)
    0x08000252   0x08000252   0x00000000   Code   RO         6789    .ARM.Collect$$libinit$$00000023  c_w.l(libinit2.o)
    0x08000252   0x08000252   0x00000000   Code   RO         6791    .ARM.Collect$$libinit$$00000025  c_w.l(libinit2.o)
    0x08000252   0x08000252   0x00000000   Code   RO         6795    .ARM.Collect$$libinit$$0000002C  c_w.l(libinit2.o)
    0x08000252   0x08000252   0x00000000   Code   RO         6797    .ARM.Collect$$libinit$$0000002E  c_w.l(libinit2.o)
    0x08000252   0x08000252   0x00000000   Code   RO         6799    .ARM.Collect$$libinit$$00000030  c_w.l(libinit2.o)
    0x08000252   0x08000252   0x00000000   Code   RO         6801    .ARM.Collect$$libinit$$00000032  c_w.l(libinit2.o)
    0x08000252   0x08000252   0x00000002   Code   RO         6802    .ARM.Collect$$libinit$$00000033  c_w.l(libinit2.o)
    0x08000254   0x08000254   0x00000002   Code   RO         7010    .ARM.Collect$$libshutdown$$00000000  c_w.l(libshutdown.o)
    0x08000256   0x08000256   0x00000000   Code   RO         7016    .ARM.Collect$$libshutdown$$00000002  c_w.l(libshutdown2.o)
    0x08000256   0x08000256   0x00000000   Code   RO         7018    .ARM.Collect$$libshutdown$$00000004  c_w.l(libshutdown2.o)
    0x08000256   0x08000256   0x00000000   Code   RO         7020    .ARM.Collect$$libshutdown$$00000006  c_w.l(libshutdown2.o)
    0x08000256   0x08000256   0x00000000   Code   RO         7023    .ARM.Collect$$libshutdown$$00000009  c_w.l(libshutdown2.o)
    0x08000256   0x08000256   0x00000000   Code   RO         7026    .ARM.Collect$$libshutdown$$0000000C  c_w.l(libshutdown2.o)
    0x08000256   0x08000256   0x00000000   Code   RO         7028    .ARM.Collect$$libshutdown$$0000000E  c_w.l(libshutdown2.o)
    0x08000256   0x08000256   0x00000000   Code   RO         7031    .ARM.Collect$$libshutdown$$00000011  c_w.l(libshutdown2.o)
    0x08000256   0x08000256   0x00000002   Code   RO         7032    .ARM.Collect$$libshutdown$$00000012  c_w.l(libshutdown2.o)
    0x08000258   0x08000258   0x00000000   Code   RO         6660    .ARM.Collect$$rtentry$$00000000  c_w.l(__rtentry.o)
    0x08000258   0x08000258   0x00000000   Code   RO         6864    .ARM.Collect$$rtentry$$00000002  c_w.l(__rtentry2.o)
    0x08000258   0x08000258   0x00000006   Code   RO         6876    .ARM.Collect$$rtentry$$00000004  c_w.l(__rtentry4.o)
    0x0800025e   0x0800025e   0x00000000   Code   RO         6866    .ARM.Collect$$rtentry$$00000009  c_w.l(__rtentry2.o)
    0x0800025e   0x0800025e   0x00000004   Code   RO         6867    .ARM.Collect$$rtentry$$0000000A  c_w.l(__rtentry2.o)
    0x08000262   0x08000262   0x00000000   Code   RO         6869    .ARM.Collect$$rtentry$$0000000C  c_w.l(__rtentry2.o)
    0x08000262   0x08000262   0x00000008   Code   RO         6870    .ARM.Collect$$rtentry$$0000000D  c_w.l(__rtentry2.o)
    0x0800026a   0x0800026a   0x00000002   Code   RO         6971    .ARM.Collect$$rtexit$$00000000  c_w.l(rtexit.o)
    0x0800026c   0x0800026c   0x00000000   Code   RO         6988    .ARM.Collect$$rtexit$$00000002  c_w.l(rtexit2.o)
    0x0800026c   0x0800026c   0x00000004   Code   RO         6989    .ARM.Collect$$rtexit$$00000003  c_w.l(rtexit2.o)
    0x08000270   0x08000270   0x00000006   Code   RO         6990    .ARM.Collect$$rtexit$$00000004  c_w.l(rtexit2.o)
    0x08000276   0x08000276   0x00000002   PAD
    0x08000278   0x08000278   0x00000096   Code   RO         6486    .emb_text           port.o
    0x0800030e   0x0800030e   0x00000002   PAD
    0x08000310   0x08000310   0x00000034   Code   RO         6569    .emb_text           c_w.l(rand.o)
    0x08000344   0x08000344   0x00000040   Code   RO            4    .text               startup_stm32f103xb.o
    0x08000384   0x08000384   0x00000024   Code   RO         6567    .text               c_w.l(vsprintf.o)
    0x080003a8   0x080003a8   0x0000003c   Code   RO         6570    .text               c_w.l(rand.o)
    0x080003e4   0x080003e4   0x0000008a   Code   RO         6574    .text               c_w.l(rt_memcpy_v6.o)
    0x0800046e   0x0800046e   0x00000010   Code   RO         6578    .text               c_w.l(aeabi_memset.o)
    0x0800047e   0x0800047e   0x0000004e   Code   RO         6580    .text               c_w.l(rt_memclr_w.o)
    0x080004cc   0x080004cc   0x00000080   Code   RO         6582    .text               c_w.l(strcmpv7m.o)
    0x0800054c   0x0800054c   0x00000006   Code   RO         6584    .text               c_w.l(heapauxi.o)
    0x08000552   0x08000552   0x00000016   Code   RO         6661    .text               c_w.l(_rserrno.o)
    0x08000568   0x08000568   0x0000004e   Code   RO         6665    .text               c_w.l(_printf_pad.o)
    0x080005b6   0x080005b6   0x00000024   Code   RO         6667    .text               c_w.l(_printf_truncate.o)
    0x080005da   0x080005da   0x00000052   Code   RO         6669    .text               c_w.l(_printf_str.o)
    0x0800062c   0x0800062c   0x00000078   Code   RO         6671    .text               c_w.l(_printf_dec.o)
    0x080006a4   0x080006a4   0x00000028   Code   RO         6673    .text               c_w.l(_printf_charcount.o)
    0x080006cc   0x080006cc   0x00000030   Code   RO         6675    .text               c_w.l(_printf_char_common.o)
    0x080006fc   0x080006fc   0x0000000a   Code   RO         6677    .text               c_w.l(_sputc.o)
    0x08000706   0x08000706   0x00000002   PAD
    0x08000708   0x08000708   0x000000bc   Code   RO         6679    .text               c_w.l(_printf_wctomb.o)
    0x080007c4   0x080007c4   0x0000007c   Code   RO         6682    .text               c_w.l(_printf_longlong_dec.o)
    0x08000840   0x08000840   0x00000070   Code   RO         6688    .text               c_w.l(_printf_oct_int_ll.o)
    0x080008b0   0x080008b0   0x00000094   Code   RO         6708    .text               c_w.l(_printf_hex_int_ll_ptr.o)
    0x08000944   0x08000944   0x00000188   Code   RO         6728    .text               c_w.l(__printf_flags_ss_wp.o)
    0x08000acc   0x08000acc   0x00000064   Code   RO         6754    .text               c_w.l(rt_memcpy_w.o)
    0x08000b30   0x08000b30   0x00000044   Code   RO         6756    .text               c_w.l(rt_memclr.o)
    0x08000b74   0x08000b74   0x00000008   Code   RO         6881    .text               c_w.l(rt_errno_addr_intlibspace.o)
    0x08000b7c   0x08000b7c   0x0000008a   Code   RO         6883    .text               c_w.l(lludiv10.o)
    0x08000c06   0x08000c06   0x000000b2   Code   RO         6885    .text               c_w.l(_printf_intcommon.o)
    0x08000cb8   0x08000cb8   0x0000041e   Code   RO         6887    .text               c_w.l(_printf_fp_dec.o)
    0x080010d6   0x080010d6   0x00000002   PAD
    0x080010d8   0x080010d8   0x000002fc   Code   RO         6889    .text               c_w.l(_printf_fp_hex.o)
    0x080013d4   0x080013d4   0x0000002c   Code   RO         6894    .text               c_w.l(_printf_char.o)
    0x08001400   0x08001400   0x0000002c   Code   RO         6896    .text               c_w.l(_printf_wchar.o)
    0x0800142c   0x0800142c   0x00000040   Code   RO         6899    .text               c_w.l(_wcrtomb.o)
    0x0800146c   0x0800146c   0x00000008   Code   RO         6911    .text               c_w.l(libspace.o)
    0x08001474   0x08001474   0x0000004a   Code   RO         6914    .text               c_w.l(sys_stackheap_outer.o)
    0x080014be   0x080014be   0x00000002   PAD
    0x080014c0   0x080014c0   0x00000010   Code   RO         6916    .text               c_w.l(rt_ctype_table.o)
    0x080014d0   0x080014d0   0x00000008   Code   RO         6921    .text               c_w.l(rt_locale_intlibspace.o)
    0x080014d8   0x080014d8   0x00000080   Code   RO         6923    .text               c_w.l(_printf_fp_infnan.o)
    0x08001558   0x08001558   0x000000e4   Code   RO         6925    .text               c_w.l(bigflt0.o)
    0x0800163c   0x0800163c   0x00000012   Code   RO         6953    .text               c_w.l(exit.o)
    0x0800164e   0x0800164e   0x00000002   Code   RO         6984    .text               c_w.l(use_no_semi.o)
    0x08001650   0x08001650   0x00000000   Code   RO         6986    .text               c_w.l(indicate_semi.o)
    0x08001650   0x08001650   0x0000000c   Code   RO         7002    .text               c_w.l(sys_exit.o)
    0x0800165c   0x0800165c   0x0000003e   Code   RO         6928    CL$$btod_d2e        c_w.l(btod.o)
    0x0800169a   0x0800169a   0x00000046   Code   RO         6930    CL$$btod_d2e_denorm_low  c_w.l(btod.o)
    0x080016e0   0x080016e0   0x00000060   Code   RO         6929    CL$$btod_d2e_norm_op1  c_w.l(btod.o)
    0x08001740   0x08001740   0x00000338   Code   RO         6938    CL$$btod_div_common  c_w.l(btod.o)
    0x08001a78   0x08001a78   0x000000dc   Code   RO         6935    CL$$btod_e2e        c_w.l(btod.o)
    0x08001b54   0x08001b54   0x0000002a   Code   RO         6932    CL$$btod_ediv       c_w.l(btod.o)
    0x08001b7e   0x08001b7e   0x0000002a   Code   RO         6931    CL$$btod_emul       c_w.l(btod.o)
    0x08001ba8   0x08001ba8   0x00000244   Code   RO         6937    CL$$btod_mult_common  c_w.l(btod.o)
    0x08001dec   0x08001dec   0x00000056   Code   RO          804    i.ADC_ConversionStop_Disable  stm32f1xx_hal_adc.o
    0x08001e42   0x08001e42   0x00000002   PAD
    0x08001e44   0x08001e44   0x0000007c   Code   RO          808    i.ADC_Enable        stm32f1xx_hal_adc.o
    0x08001ec0   0x08001ec0   0x00000020   Code   RO         4044    i.AD_GetValue       ad.o
    0x08001ee0   0x08001ee0   0x00000002   Code   RO          605    i.BusFault_Handler  stm32f1xx_it.o
    0x08001ee2   0x08001ee2   0x00000002   PAD
    0x08001ee4   0x08001ee4   0x00000030   Code   RO         4115    i.Buzzer_SetFreq    menu.o
    0x08001f14   0x08001f14   0x0000001c   Code   RO         3990    i.Change_RTC_Time   myrtc.o
    0x08001f30   0x08001f30   0x00000002   Code   RO          606    i.DebugMon_Handler  stm32f1xx_it.o
    0x08001f32   0x08001f32   0x0000000e   Code   RO         4676    i.Delay_us          mydelay.o
    0x08001f40   0x08001f40   0x00000040   Code   RO         4384    i.DinoGame_Animation  dino.o
    0x08001f80   0x08001f80   0x00000080   Code   RO         4385    i.Dino_Tick         dino.o
    0x08002000   0x08002000   0x00000006   Code   RO          607    i.EXTI1_IRQHandler  stm32f1xx_it.o
    0x08002006   0x08002006   0x00000006   Code   RO          608    i.EXTI4_IRQHandler  stm32f1xx_it.o
    0x0800200c   0x0800200c   0x00000004   Code   RO           13    i.Error_Handler     main.o
    0x08002010   0x08002010   0x00000114   Code   RO         4116    i.FirstPage_Clock   menu.o
    0x08002124   0x08002124   0x0000000c   Code   RO           14    i.GetTick           main.o
    0x08002130   0x08002130   0x000000fc   Code   RO          810    i.HAL_ADC_ConfigChannel  stm32f1xx_hal_adc.o
    0x0800222c   0x0800222c   0x00000006   Code   RO          817    i.HAL_ADC_GetValue  stm32f1xx_hal_adc.o
    0x08002232   0x08002232   0x00000002   PAD
    0x08002234   0x08002234   0x0000011c   Code   RO          819    i.HAL_ADC_Init      stm32f1xx_hal_adc.o
    0x08002350   0x08002350   0x00000058   Code   RO          420    i.HAL_ADC_MspInit   adc.o
    0x080023a8   0x080023a8   0x0000013c   Code   RO          823    i.HAL_ADC_PollForConversion  stm32f1xx_hal_adc.o
    0x080024e4   0x080024e4   0x000000c0   Code   RO          825    i.HAL_ADC_Start     stm32f1xx_hal_adc.o
    0x080025a4   0x080025a4   0x00000046   Code   RO         1461    i.HAL_DMA_Abort     stm32f1xx_hal_dma.o
    0x080025ea   0x080025ea   0x00000002   PAD
    0x080025ec   0x080025ec   0x00000098   Code   RO         1462    i.HAL_DMA_Abort_IT  stm32f1xx_hal_dma.o
    0x08002684   0x08002684   0x00000024   Code   RO         1087    i.HAL_Delay         stm32f1xx_hal.o
    0x080026a8   0x080026a8   0x00000030   Code   RO           15    i.HAL_GPIO_EXTI_Callback  main.o
    0x080026d8   0x080026d8   0x00000018   Code   RO         1396    i.HAL_GPIO_EXTI_IRQHandler  stm32f1xx_hal_gpio.o
    0x080026f0   0x080026f0   0x000001e0   Code   RO         1397    i.HAL_GPIO_Init     stm32f1xx_hal_gpio.o
    0x080028d0   0x080028d0   0x0000000a   Code   RO         1399    i.HAL_GPIO_ReadPin  stm32f1xx_hal_gpio.o
    0x080028da   0x080028da   0x0000000a   Code   RO         1401    i.HAL_GPIO_WritePin  stm32f1xx_hal_gpio.o
    0x080028e4   0x080028e4   0x0000000c   Code   RO         1091    i.HAL_GetTick       stm32f1xx_hal.o
    0x080028f0   0x080028f0   0x00000010   Code   RO         1097    i.HAL_IncTick       stm32f1xx_hal.o
    0x08002900   0x08002900   0x00000024   Code   RO         1098    i.HAL_Init          stm32f1xx_hal.o
    0x08002924   0x08002924   0x0000008c   Code   RO          729    i.HAL_InitTick      stm32f1xx_hal_timebase_tim.o
    0x080029b0   0x080029b0   0x00000048   Code   RO          705    i.HAL_MspInit       stm32f1xx_hal_msp.o
    0x080029f8   0x080029f8   0x0000001a   Code   RO         1557    i.HAL_NVIC_EnableIRQ  stm32f1xx_hal_cortex.o
    0x08002a12   0x08002a12   0x00000002   PAD
    0x08002a14   0x08002a14   0x00000040   Code   RO         1563    i.HAL_NVIC_SetPriority  stm32f1xx_hal_cortex.o
    0x08002a54   0x08002a54   0x00000024   Code   RO         1564    i.HAL_NVIC_SetPriorityGrouping  stm32f1xx_hal_cortex.o
    0x08002a78   0x08002a78   0x0000000c   Code   RO         1679    i.HAL_PWR_EnableBkUpAccess  stm32f1xx_hal_pwr.o
    0x08002a84   0x08002a84   0x00000044   Code   RO         1686    i.HAL_PWR_EnterSTOPMode  stm32f1xx_hal_pwr.o
    0x08002ac8   0x08002ac8   0x000000a4   Code   RO         1358    i.HAL_RCCEx_GetPeriphCLKFreq  stm32f1xx_hal_rcc_ex.o
    0x08002b6c   0x08002b6c   0x000000ec   Code   RO         1359    i.HAL_RCCEx_PeriphCLKConfig  stm32f1xx_hal_rcc_ex.o
    0x08002c58   0x08002c58   0x0000012c   Code   RO         1255    i.HAL_RCC_ClockConfig  stm32f1xx_hal_rcc.o
    0x08002d84   0x08002d84   0x00000040   Code   RO         1259    i.HAL_RCC_GetClockConfig  stm32f1xx_hal_rcc.o
    0x08002dc4   0x08002dc4   0x00000020   Code   RO         1262    i.HAL_RCC_GetPCLK1Freq  stm32f1xx_hal_rcc.o
    0x08002de4   0x08002de4   0x00000020   Code   RO         1263    i.HAL_RCC_GetPCLK2Freq  stm32f1xx_hal_rcc.o
    0x08002e04   0x08002e04   0x0000004c   Code   RO         1264    i.HAL_RCC_GetSysClockFreq  stm32f1xx_hal_rcc.o
    0x08002e50   0x08002e50   0x00000320   Code   RO         1267    i.HAL_RCC_OscConfig  stm32f1xx_hal_rcc.o
    0x08003170   0x08003170   0x00000010   Code   RO         2227    i.HAL_RTCEx_BKUPRead  stm32f1xx_hal_rtc_ex.o
    0x08003180   0x08003180   0x00000010   Code   RO         2228    i.HAL_RTCEx_BKUPWrite  stm32f1xx_hal_rtc_ex.o
    0x08003190   0x08003190   0x0000004e   Code   RO         2062    i.HAL_RTC_GetDate   stm32f1xx_hal_rtc.o
    0x080031de   0x080031de   0x000000d8   Code   RO         2064    i.HAL_RTC_GetTime   stm32f1xx_hal_rtc.o
    0x080032b6   0x080032b6   0x00000002   PAD
    0x080032b8   0x080032b8   0x00000094   Code   RO         2065    i.HAL_RTC_Init      stm32f1xx_hal_rtc.o
    0x0800334c   0x0800334c   0x00000034   Code   RO          462    i.HAL_RTC_MspInit   rtc.o
    0x08003380   0x08003380   0x000000c4   Code   RO         2071    i.HAL_RTC_SetDate   stm32f1xx_hal_rtc.o
    0x08003444   0x08003444   0x000000ac   Code   RO         2072    i.HAL_RTC_SetTime   stm32f1xx_hal_rtc.o
    0x080034f0   0x080034f0   0x0000003a   Code   RO         2073    i.HAL_RTC_WaitForSynchro  stm32f1xx_hal_rtc.o
    0x0800352a   0x0800352a   0x00000002   PAD
    0x0800352c   0x0800352c   0x00000014   Code   RO          730    i.HAL_ResumeTick    stm32f1xx_hal_timebase_tim.o
    0x08003540   0x08003540   0x00000014   Code   RO          731    i.HAL_SuspendTick   stm32f1xx_hal_timebase_tim.o
    0x08003554   0x08003554   0x00000002   Code   RO         3035    i.HAL_TIMEx_BreakCallback  stm32f1xx_hal_tim_ex.o
    0x08003556   0x08003556   0x00000002   Code   RO         3036    i.HAL_TIMEx_CommutCallback  stm32f1xx_hal_tim_ex.o
    0x08003558   0x08003558   0x00000068   Code   RO         3054    i.HAL_TIMEx_MasterConfigSynchronization  stm32f1xx_hal_tim_ex.o
    0x080035c0   0x080035c0   0x0000005a   Code   RO         2331    i.HAL_TIM_Base_Init  stm32f1xx_hal_tim.o
    0x0800361a   0x0800361a   0x00000002   PAD
    0x0800361c   0x0800361c   0x00000088   Code   RO          504    i.HAL_TIM_Base_MspInit  tim.o
    0x080036a4   0x080036a4   0x00000058   Code   RO         2336    i.HAL_TIM_Base_Start_IT  stm32f1xx_hal_tim.o
    0x080036fc   0x080036fc   0x00000030   Code   RO         2339    i.HAL_TIM_Base_Stop_IT  stm32f1xx_hal_tim.o
    0x0800372c   0x0800372c   0x000000dc   Code   RO         2340    i.HAL_TIM_ConfigClockSource  stm32f1xx_hal_tim.o
    0x08003808   0x08003808   0x00000002   Code   RO         2365    i.HAL_TIM_IC_CaptureCallback  stm32f1xx_hal_tim.o
    0x0800380a   0x0800380a   0x00000130   Code   RO         2379    i.HAL_TIM_IRQHandler  stm32f1xx_hal_tim.o
    0x0800393a   0x0800393a   0x00000002   PAD
    0x0800393c   0x0800393c   0x0000004c   Code   RO          505    i.HAL_TIM_MspPostInit  tim.o
    0x08003988   0x08003988   0x00000002   Code   RO         2382    i.HAL_TIM_OC_DelayElapsedCallback  stm32f1xx_hal_tim.o
    0x0800398a   0x0800398a   0x000000cc   Code   RO         2403    i.HAL_TIM_PWM_ConfigChannel  stm32f1xx_hal_tim.o
    0x08003a56   0x08003a56   0x0000005a   Code   RO         2406    i.HAL_TIM_PWM_Init  stm32f1xx_hal_tim.o
    0x08003ab0   0x08003ab0   0x00000002   Code   RO         2408    i.HAL_TIM_PWM_MspInit  stm32f1xx_hal_tim.o
    0x08003ab2   0x08003ab2   0x00000002   Code   RO         2409    i.HAL_TIM_PWM_PulseFinishedCallback  stm32f1xx_hal_tim.o
    0x08003ab4   0x08003ab4   0x0000009c   Code   RO         2411    i.HAL_TIM_PWM_Start  stm32f1xx_hal_tim.o
    0x08003b50   0x08003b50   0x00000070   Code   RO         2414    i.HAL_TIM_PWM_Stop  stm32f1xx_hal_tim.o
    0x08003bc0   0x08003bc0   0x00000038   Code   RO           16    i.HAL_TIM_PeriodElapsedCallback  main.o
    0x08003bf8   0x08003bf8   0x00000002   Code   RO         2422    i.HAL_TIM_TriggerCallback  stm32f1xx_hal_tim.o
    0x08003bfa   0x08003bfa   0x00000002   Code   RO         3314    i.HAL_UARTEx_RxEventCallback  stm32f1xx_hal_uart.o
    0x08003bfc   0x08003bfc   0x00000002   Code   RO         3328    i.HAL_UART_ErrorCallback  stm32f1xx_hal_uart.o
    0x08003bfe   0x08003bfe   0x00000002   PAD
    0x08003c00   0x08003c00   0x0000026c   Code   RO         3331    i.HAL_UART_IRQHandler  stm32f1xx_hal_uart.o
    0x08003e6c   0x08003e6c   0x00000064   Code   RO         3332    i.HAL_UART_Init     stm32f1xx_hal_uart.o
    0x08003ed0   0x08003ed0   0x00000084   Code   RO          564    i.HAL_UART_MspInit  usart.o
    0x08003f54   0x08003f54   0x00000002   Code   RO         3338    i.HAL_UART_RxCpltCallback  stm32f1xx_hal_uart.o
    0x08003f56   0x08003f56   0x00000002   Code   RO         3343    i.HAL_UART_TxCpltCallback  stm32f1xx_hal_uart.o
    0x08003f58   0x08003f58   0x00000002   Code   RO          609    i.HardFault_Handler  stm32f1xx_it.o
    0x08003f5a   0x08003f5a   0x00000002   PAD
    0x08003f5c   0x08003f5c   0x00000030   Code   RO         4069    i.Key3_Tick         key.o
    0x08003f8c   0x08003f8c   0x00000014   Code   RO         4070    i.Key_GetNum        key.o
    0x08003fa0   0x08003fa0   0x0000003c   Code   RO         4071    i.Key_GetState      key.o
    0x08003fdc   0x08003fdc   0x00000030   Code   RO         4072    i.Key_Tick          key.o
    0x0800400c   0x0800400c   0x0000002c   Code   RO         4778    i.MPU6050_EnableMotionInterrupt  lift_int.o
    0x08004038   0x08004038   0x00000006   Code   RO         4779    i.MPU6050_Gesture_ClearInterrupt  lift_int.o
    0x0800403e   0x0800403e   0x00000002   PAD
    0x08004040   0x08004040   0x0000015c   Code   RO         4780    i.MPU6050_Gesture_IsWristRaise  lift_int.o
    0x0800419c   0x0800419c   0x00000092   Code   RO         4455    i.MPU6050_GetData   mpu6050.o
    0x0800422e   0x0800422e   0x0000003c   Code   RO         4457    i.MPU6050_Init      mpu6050.o
    0x0800426a   0x0800426a   0x0000003e   Code   RO         4458    i.MPU6050_ReadReg   mpu6050.o
    0x080042a8   0x080042a8   0x00000030   Code   RO         4459    i.MPU6050_WriteReg  mpu6050.o
    0x080042d8   0x080042d8   0x00000050   Code   RO          421    i.MX_ADC1_Init      adc.o
    0x08004328   0x08004328   0x00000020   Code   RO          376    i.MX_FREERTOS_Init  freertos.o
    0x08004348   0x08004348   0x0000013c   Code   RO          348    i.MX_GPIO_Init      gpio.o
    0x08004484   0x08004484   0x00000020   Code   RO          463    i.MX_RTC_Init       rtc.o
    0x080044a4   0x080044a4   0x00000068   Code   RO          506    i.MX_TIM2_Init      tim.o
    0x0800450c   0x0800450c   0x00000068   Code   RO          507    i.MX_TIM3_Init      tim.o
    0x08004574   0x08004574   0x0000009c   Code   RO          508    i.MX_TIM4_Init      tim.o
    0x08004610   0x08004610   0x00000038   Code   RO          565    i.MX_USART1_UART_Init  usart.o
    0x08004648   0x08004648   0x00000002   Code   RO          610    i.MemManage_Handler  stm32f1xx_it.o
    0x0800464a   0x0800464a   0x00000002   PAD
    0x0800464c   0x0800464c   0x00000134   Code   RO         4117    i.Menu              menu.o
    0x08004780   0x08004780   0x000000f4   Code   RO         4118    i.Menu_Aniamtion    menu.o
    0x08004874   0x08004874   0x00000084   Code   RO         4119    i.Music_Play        menu.o
    0x080048f8   0x080048f8   0x00000078   Code   RO         4120    i.Music_ProgressBar  menu.o
    0x08004970   0x08004970   0x0000001c   Code   RO         4509    i.MyI2C_R_SDA       myi2c.o
    0x0800498c   0x0800498c   0x0000001e   Code   RO         4511    i.MyI2C_ReceiveAck  myi2c.o
    0x080049aa   0x080049aa   0x00000032   Code   RO         4512    i.MyI2C_ReceiveByte  myi2c.o
    0x080049dc   0x080049dc   0x00000016   Code   RO         4513    i.MyI2C_SendAck     myi2c.o
    0x080049f2   0x080049f2   0x0000002c   Code   RO         4514    i.MyI2C_SendByte    myi2c.o
    0x08004a1e   0x08004a1e   0x0000001e   Code   RO         4515    i.MyI2C_Start       myi2c.o
    0x08004a3c   0x08004a3c   0x00000018   Code   RO         4516    i.MyI2C_Stop        myi2c.o
    0x08004a54   0x08004a54   0x00000024   Code   RO         4517    i.MyI2C_W_SCL       myi2c.o
    0x08004a78   0x08004a78   0x00000024   Code   RO         4518    i.MyI2C_W_SDA       myi2c.o
    0x08004a9c   0x08004a9c   0x00000040   Code   RO         3991    i.MyRTC_Init        myrtc.o
    0x08004adc   0x08004adc   0x00000058   Code   RO         3992    i.MyRTC_Init_Time   myrtc.o
    0x08004b34   0x08004b34   0x00000058   Code   RO         3993    i.MyRTC_ReadTime    myrtc.o
    0x08004b8c   0x08004b8c   0x00000058   Code   RO         3994    i.MyRTC_SetTime     myrtc.o
    0x08004be4   0x08004be4   0x00000078   Code   RO           17    i.My_Init           main.o
    0x08004c5c   0x08004c5c   0x0000007c   Code   RO           19    i.My_Main           main.o
    0x08004cd8   0x08004cd8   0x0000001c   Code   RO           20    i.My_Send_Task_Queue  main.o
    0x08004cf4   0x08004cf4   0x000000c0   Code   RO           21    i.My_TIM2_Handle    main.o
    0x08004db4   0x08004db4   0x0000000c   Code   RO         4121    i.My_TIM3_IRQHandler  menu.o
    0x08004dc0   0x08004dc0   0x00000060   Code   RO         4700    i.My_USART1_IRQHandler  serial.o
    0x08004e20   0x08004e20   0x00000002   Code   RO          611    i.NMI_Handler       stm32f1xx_it.o
    0x08004e22   0x08004e22   0x00000002   PAD
    0x08004e24   0x08004e24   0x00000028   Code   RO         3703    i.OLED_Clear        oled.o
    0x08004e4c   0x08004e4c   0x00000064   Code   RO         3704    i.OLED_ClearArea    oled.o
    0x08004eb0   0x08004eb0   0x000000e2   Code   RO         3708    i.OLED_DrawLine     oled.o
    0x08004f92   0x08004f92   0x00000002   PAD
    0x08004f94   0x08004f94   0x00000028   Code   RO         3709    i.OLED_DrawPoint    oled.o
    0x08004fbc   0x08004fbc   0x00000012   Code   RO         3712    i.OLED_GPIO_Init    oled.o
    0x08004fce   0x08004fce   0x0000003a   Code   RO         3714    i.OLED_I2C_SendByte  oled.o
    0x08005008   0x08005008   0x0000001e   Code   RO         3715    i.OLED_I2C_Start    oled.o
    0x08005026   0x08005026   0x00000018   Code   RO         3716    i.OLED_I2C_Stop     oled.o
    0x0800503e   0x0800503e   0x00000094   Code   RO         3717    i.OLED_Init         oled.o
    0x080050d2   0x080050d2   0x0000000e   Code   RO         3719    i.OLED_Pow          oled.o
    0x080050e0   0x080050e0   0x0000002a   Code   RO         3720    i.OLED_Printf       oled.o
    0x0800510a   0x0800510a   0x00000002   PAD
    0x0800510c   0x0800510c   0x00000064   Code   RO         3722    i.OLED_ReverseArea  oled.o
    0x08005170   0x08005170   0x00000022   Code   RO         3723    i.OLED_SetCursor    oled.o
    0x08005192   0x08005192   0x00000002   PAD
    0x08005194   0x08005194   0x00000078   Code   RO         3725    i.OLED_ShowChar     oled.o
    0x0800520c   0x0800520c   0x00000088   Code   RO         3726    i.OLED_ShowChinese  oled.o
    0x08005294   0x08005294   0x000000b0   Code   RO         3729    i.OLED_ShowImage    oled.o
    0x08005344   0x08005344   0x00000046   Code   RO         3730    i.OLED_ShowNum      oled.o
    0x0800538a   0x0800538a   0x0000002c   Code   RO         3732    i.OLED_ShowString   oled.o
    0x080053b6   0x080053b6   0x00000002   PAD
    0x080053b8   0x080053b8   0x00000028   Code   RO         3733    i.OLED_Update       oled.o
    0x080053e0   0x080053e0   0x00000018   Code   RO         3735    i.OLED_W_SCL        oled.o
    0x080053f8   0x080053f8   0x00000018   Code   RO         3736    i.OLED_W_SDA        oled.o
    0x08005410   0x08005410   0x00000022   Code   RO         3737    i.OLED_WriteCommand  oled.o
    0x08005432   0x08005432   0x00000030   Code   RO         3738    i.OLED_WriteData    oled.o
    0x08005462   0x08005462   0x00000006   Code   RO         1689    i.PWR_OverloadWfe   stm32f1xx_hal_pwr.o
    0x08005468   0x08005468   0x000000a8   Code   RO           22    i.Prepare_To_Sleep  main.o
    0x08005510   0x08005510   0x00000012   Code   RO         2074    i.RTC_Bcd2ToByte    stm32f1xx_hal_rtc.o
    0x08005522   0x08005522   0x00000016   Code   RO         2075    i.RTC_ByteToBcd2    stm32f1xx_hal_rtc.o
    0x08005538   0x08005538   0x000000ae   Code   RO         2076    i.RTC_DateUpdate    stm32f1xx_hal_rtc.o
    0x080055e6   0x080055e6   0x00000034   Code   RO         2077    i.RTC_EnterInitMode  stm32f1xx_hal_rtc.o
    0x0800561a   0x0800561a   0x00000002   PAD
    0x0800561c   0x0800561c   0x00000036   Code   RO         2078    i.RTC_ExitInitMode  stm32f1xx_hal_rtc.o
    0x08005652   0x08005652   0x0000000e   Code   RO         2079    i.RTC_ReadAlarmCounter  stm32f1xx_hal_rtc.o
    0x08005660   0x08005660   0x00000020   Code   RO         2080    i.RTC_ReadTimeCounter  stm32f1xx_hal_rtc.o
    0x08005680   0x08005680   0x00000056   Code   RO         2081    i.RTC_WeekDayNum    stm32f1xx_hal_rtc.o
    0x080056d6   0x080056d6   0x00000028   Code   RO         2082    i.RTC_WriteAlarmCounter  stm32f1xx_hal_rtc.o
    0x080056fe   0x080056fe   0x00000028   Code   RO         2083    i.RTC_WriteTimeCounter  stm32f1xx_hal_rtc.o
    0x08005726   0x08005726   0x00000002   PAD
    0x08005728   0x08005728   0x00000048   Code   RO           23    i.Resume_After_Sleep  main.o
    0x08005770   0x08005770   0x00000098   Code   RO         4304    i.SetDay            settime.o
    0x08005808   0x08005808   0x00000098   Code   RO         4305    i.SetHour           settime.o
    0x080058a0   0x080058a0   0x00000098   Code   RO         4306    i.SetMin            settime.o
    0x08005938   0x08005938   0x00000098   Code   RO         4307    i.SetMonth          settime.o
    0x080059d0   0x080059d0   0x00000098   Code   RO         4308    i.SetSec            settime.o
    0x08005a68   0x08005a68   0x00000144   Code   RO         4309    i.SetTime           settime.o
    0x08005bac   0x08005bac   0x00000080   Code   RO         4310    i.SetYear           settime.o
    0x08005c2c   0x08005c2c   0x00000014   Code   RO         4122    i.Set_Selection     menu.o
    0x08005c40   0x08005c40   0x000000dc   Code   RO         4123    i.SettingPage       menu.o
    0x08005d1c   0x08005d1c   0x0000007c   Code   RO         4124    i.ShowMenu_UI       menu.o
    0x08005d98   0x08005d98   0x0000005c   Code   RO         4386    i.Show_Barrier      dino.o
    0x08005df4   0x08005df4   0x000000f4   Code   RO         4125    i.Show_Battery      menu.o
    0x08005ee8   0x08005ee8   0x000001dc   Code   RO         4126    i.Show_Clock_UI     menu.o
    0x080060c4   0x080060c4   0x00000024   Code   RO         4387    i.Show_Cloud        dino.o
    0x080060e8   0x080060e8   0x000000d8   Code   RO         4388    i.Show_Dino         dino.o
    0x080061c0   0x080061c0   0x0000006c   Code   RO         4389    i.Show_Gruond       dino.o
    0x0800622c   0x0800622c   0x000000bc   Code   RO         4127    i.Show_Music_UI     menu.o
    0x080062e8   0x080062e8   0x0000001c   Code   RO         4390    i.Show_Score        dino.o
    0x08006304   0x08006304   0x00000090   Code   RO         4311    i.Show_SetTime_FirstUI  settime.o
    0x08006394   0x08006394   0x00000078   Code   RO         4312    i.Show_SetTime_SecondUI  settime.o
    0x0800640c   0x0800640c   0x00000038   Code   RO         4128    i.Show_SettingPage_UI  menu.o
    0x08006444   0x08006444   0x00000038   Code   RO         4129    i.Show_dino_UI      menu.o
    0x0800647c   0x0800647c   0x0000005c   Code   RO         4130    i.Show_flash_UI     menu.o
    0x080064d8   0x080064d8   0x00000078   Code   RO         4584    i.Step_Counting     step_counting.o
    0x08006550   0x08006550   0x0000002c   Code   RO         6487    i.SysTick_Handler   port.o
    0x0800657c   0x0800657c   0x00000082   Code   RO           24    i.SystemClock_Config  main.o
    0x080065fe   0x080065fe   0x00000002   Code   RO         3666    i.SystemInit        system_stm32f1xx.o
    0x08006600   0x08006600   0x0000000c   Code   RO          612    i.TIM1_UP_IRQHandler  stm32f1xx_it.o
    0x0800660c   0x0800660c   0x0000000c   Code   RO          613    i.TIM2_IRQHandler   stm32f1xx_it.o
    0x08006618   0x08006618   0x0000000c   Code   RO          614    i.TIM3_IRQHandler   stm32f1xx_it.o
    0x08006624   0x08006624   0x0000000c   Code   RO          615    i.TIM4_IRQHandler   stm32f1xx_it.o
    0x08006630   0x08006630   0x00000078   Code   RO         2424    i.TIM_Base_SetConfig  stm32f1xx_hal_tim.o
    0x080066a8   0x080066a8   0x0000001a   Code   RO         2425    i.TIM_CCxChannelCmd  stm32f1xx_hal_tim.o
    0x080066c2   0x080066c2   0x00000014   Code   RO         2435    i.TIM_ETR_SetConfig  stm32f1xx_hal_tim.o
    0x080066d6   0x080066d6   0x00000010   Code   RO         2436    i.TIM_ITRx_SetConfig  stm32f1xx_hal_tim.o
    0x080066e6   0x080066e6   0x00000002   PAD
    0x080066e8   0x080066e8   0x00000050   Code   RO         2437    i.TIM_OC1_SetConfig  stm32f1xx_hal_tim.o
    0x08006738   0x08006738   0x00000058   Code   RO         2438    i.TIM_OC2_SetConfig  stm32f1xx_hal_tim.o
    0x08006790   0x08006790   0x00000058   Code   RO         2439    i.TIM_OC3_SetConfig  stm32f1xx_hal_tim.o
    0x080067e8   0x080067e8   0x00000044   Code   RO         2440    i.TIM_OC4_SetConfig  stm32f1xx_hal_tim.o
    0x0800682c   0x0800682c   0x00000022   Code   RO         2442    i.TIM_TI1_ConfigInputStage  stm32f1xx_hal_tim.o
    0x0800684e   0x0800684e   0x00000024   Code   RO         2444    i.TIM_TI2_ConfigInputStage  stm32f1xx_hal_tim.o
    0x08006872   0x08006872   0x00000002   PAD
    0x08006874   0x08006874   0x00000348   Code   RO           25    i.Task_PageManager  main.o
    0x08006bbc   0x08006bbc   0x00000010   Code   RO         3345    i.UART_DMAAbortOnError  stm32f1xx_hal_uart.o
    0x08006bcc   0x08006bcc   0x0000004e   Code   RO         3355    i.UART_EndRxTransfer  stm32f1xx_hal_uart.o
    0x08006c1a   0x08006c1a   0x000000c2   Code   RO         3357    i.UART_Receive_IT   stm32f1xx_hal_uart.o
    0x08006cdc   0x08006cdc   0x000000b8   Code   RO         3358    i.UART_SetConfig    stm32f1xx_hal_uart.o
    0x08006d94   0x08006d94   0x00000014   Code   RO          616    i.USART1_IRQHandler  stm32f1xx_it.o
    0x08006da8   0x08006da8   0x00000002   Code   RO          617    i.UsageFault_Handler  stm32f1xx_it.o
    0x08006daa   0x08006daa   0x00000028   Code   RO         6907    i.__ARM_fpclassify  m_ws.l(fpclassify.o)
    0x08006dd2   0x08006dd2   0x00000022   Code   RO           26    i.__NVIC_DisableIRQ  main.o
    0x08006df4   0x08006df4   0x0000001a   Code   RO           27    i.__NVIC_EnableIRQ  main.o
    0x08006e0e   0x08006e0e   0x00000020   Code   RO         1570    i.__NVIC_SetPriority  stm32f1xx_hal_cortex.o
    0x08006e2e   0x08006e2e   0x00000002   PAD
    0x08006e30   0x08006e30   0x00000388   Code   RO         6852    i.__ieee754_rem_pio2  m_ws.l(rred.o)
    0x080071b8   0x080071b8   0x000000fc   Code   RO         6834    i.__kernel_cos      m_ws.l(cos_i.o)
    0x080072b4   0x080072b4   0x000000aa   Code   RO         6909    i.__kernel_poly     m_ws.l(poly.o)
    0x0800735e   0x0800735e   0x00000002   PAD
    0x08007360   0x08007360   0x000000ec   Code   RO         6857    i.__kernel_sin      m_ws.l(sin_i.o)
    0x0800744c   0x0800744c   0x00000006   Code   RO         6838    i.__mathlib_dbl_infnan  m_ws.l(dunder.o)
    0x08007452   0x08007452   0x0000000c   Code   RO         6840    i.__mathlib_dbl_invalid  m_ws.l(dunder.o)
    0x0800745e   0x0800745e   0x00000002   PAD
    0x08007460   0x08007460   0x00000010   Code   RO         6843    i.__mathlib_dbl_underflow  m_ws.l(dunder.o)
    0x08007470   0x08007470   0x0000000e   Code   RO         6721    i._is_digit         c_w.l(__printf_wp.o)
    0x0800747e   0x0800747e   0x00000002   PAD
    0x08007480   0x08007480   0x00000040   Code   RO         4586    i.calculate_threshold  step_counting.o
    0x080074c0   0x080074c0   0x00000078   Code   RO         4587    i.detect_step       step_counting.o
    0x08007538   0x08007538   0x00000108   Code   RO         4131    i.dinopage          menu.o
    0x08007640   0x08007640   0x000000a0   Code   RO         4588    i.filter_calculate  step_counting.o
    0x080076e0   0x080076e0   0x0000002c   Code   RO         4589    i.filter_init       step_counting.o
    0x0800770c   0x0800770c   0x00000100   Code   RO         4132    i.flashpage         menu.o
    0x0800780c   0x0800780c   0x000000a0   Code   RO         4391    i.isColliding       dino.o
    0x080078ac   0x080078ac   0x0000006c   Code   RO         4590    i.is_most_active    step_counting.o
    0x08007918   0x08007918   0x00000058   Code   RO           29    i.main              main.o
    0x08007970   0x08007970   0x0000019c   Code   RO         4133    i.musicpage         menu.o
    0x08007b0c   0x08007b0c   0x0000001a   Code   RO         5925    i.osDelay           cmsis_os2.o
    0x08007b26   0x08007b26   0x00000002   PAD
    0x08007b28   0x08007b28   0x00000024   Code   RO         5939    i.osKernelInitialize  cmsis_os2.o
    0x08007b4c   0x08007b4c   0x00000038   Code   RO         5942    i.osKernelStart     cmsis_os2.o
    0x08007b84   0x08007b84   0x0000008a   Code   RO         5984    i.osThreadNew       cmsis_os2.o
    0x08007c0e   0x08007c0e   0x00000002   PAD
    0x08007c10   0x08007c10   0x00000018   Code   RO         4591    i.peak_newvalue_init  step_counting.o
    0x08007c28   0x08007c28   0x00000098   Code   RO         4592    i.peak_update       step_counting.o
    0x08007cc0   0x08007cc0   0x0000005c   Code   RO         5388    i.prvAddCurrentTaskToDelayedList  tasks.o
    0x08007d1c   0x08007d1c   0x000000d0   Code   RO         5389    i.prvAddNewTaskToReadyList  tasks.o
    0x08007dec   0x08007dec   0x00000058   Code   RO         5753    i.prvCheckForValidListAndQueue  timers.o
    0x08007e44   0x08007e44   0x00000026   Code   RO         4985    i.prvCopyDataFromQueue  queue.o
    0x08007e6a   0x08007e6a   0x0000006c   Code   RO         4986    i.prvCopyDataToQueue  queue.o
    0x08007ed6   0x08007ed6   0x00000034   Code   RO         5390    i.prvDeleteTCB      tasks.o
    0x08007f0a   0x08007f0a   0x00000002   PAD
    0x08007f0c   0x08007f0c   0x0000004c   Code   RO         6431    i.prvHeapInit       heap_4.o
    0x08007f58   0x08007f58   0x00000060   Code   RO         5391    i.prvIdleTask       tasks.o
    0x08007fb8   0x08007fb8   0x00000022   Code   RO         4988    i.prvInitialiseNewQueue  queue.o
    0x08007fda   0x08007fda   0x00000002   PAD
    0x08007fdc   0x08007fdc   0x000000b0   Code   RO         5392    i.prvInitialiseNewTask  tasks.o
    0x0800808c   0x0800808c   0x0000004c   Code   RO         6432    i.prvInsertBlockIntoFreeList  heap_4.o
    0x080080d8   0x080080d8   0x00000038   Code   RO         5755    i.prvInsertTimerInActiveList  timers.o
    0x08008110   0x08008110   0x0000001c   Code   RO         4989    i.prvIsQueueEmpty   queue.o
    0x0800812c   0x0800812c   0x000000fc   Code   RO         5756    i.prvProcessReceivedCommands  timers.o
    0x08008228   0x08008228   0x000000c0   Code   RO         5757    i.prvProcessTimerOrBlockTask  timers.o
    0x080082e8   0x080082e8   0x00000020   Code   RO         5394    i.prvResetNextTaskUnblockTime  tasks.o
    0x08008308   0x08008308   0x00000028   Code   RO         5758    i.prvSampleTimeNow  timers.o
    0x08008330   0x08008330   0x0000006c   Code   RO         5759    i.prvSwitchTimerLists  timers.o
    0x0800839c   0x0800839c   0x00000028   Code   RO         6488    i.prvTaskExitError  port.o
    0x080083c4   0x080083c4   0x00000034   Code   RO         5396    i.prvTaskIsTaskSuspended  tasks.o
    0x080083f8   0x080083f8   0x00000024   Code   RO         5760    i.prvTimerTask      timers.o
    0x0800841c   0x0800841c   0x0000006a   Code   RO         4990    i.prvUnlockQueue    queue.o
    0x08008486   0x08008486   0x00000002   PAD
    0x08008488   0x08008488   0x000000dc   Code   RO         6433    i.pvPortMalloc      heap_4.o
    0x08008564   0x08008564   0x00000024   Code   RO         6489    i.pxPortInitialiseStack  port.o
    0x08008588   0x08008588   0x000000a0   Code   RO         6653    i.sin               m_ws.l(sin.o)
    0x08008628   0x08008628   0x00000084   Code   RO         4593    i.slid_update       step_counting.o
    0x080086ac   0x080086ac   0x0000001c   Code   RO         4594    i.step_counting_function  step_counting.o
    0x080086c8   0x080086c8   0x00000274   Code   RO         4134    i.stopwatch         menu.o
    0x0800893c   0x0800893c   0x00000274   Code   RO         4135    i.stopwatch_UI      menu.o
    0x08008bb0   0x08008bb0   0x00000026   Code   RO         4945    i.uxListRemove      list.o
    0x08008bd6   0x08008bd6   0x00000002   PAD
    0x08008bd8   0x08008bd8   0x00000014   Code   RO         5996    i.vApplicationGetIdleTaskMemory  cmsis_os2.o
    0x08008bec   0x08008bec   0x00000018   Code   RO         5997    i.vApplicationGetTimerTaskMemory  cmsis_os2.o
    0x08008c04   0x08008c04   0x00000016   Code   RO         4946    i.vListInitialise   list.o
    0x08008c1a   0x08008c1a   0x00000006   Code   RO         4947    i.vListInitialiseItem  list.o
    0x08008c20   0x08008c20   0x00000030   Code   RO         4948    i.vListInsert       list.o
    0x08008c50   0x08008c50   0x00000018   Code   RO         4949    i.vListInsertEnd    list.o
    0x08008c68   0x08008c68   0x00000040   Code   RO         6491    i.vPortEnterCritical  port.o
    0x08008ca8   0x08008ca8   0x00000028   Code   RO         6492    i.vPortExitCritical  port.o
    0x08008cd0   0x08008cd0   0x00000064   Code   RO         6434    i.vPortFree         heap_4.o
    0x08008d34   0x08008d34   0x00000024   Code   RO         6493    i.vPortSetupTimerInterrupt  port.o
    0x08008d58   0x08008d58   0x00000054   Code   RO         6494    i.vPortValidateInterruptPriority  port.o
    0x08008dac   0x08008dac   0x00000028   Code   RO         4996    i.vQueueAddToRegistry  queue.o
    0x08008dd4   0x08008dd4   0x00000044   Code   RO         5000    i.vQueueWaitForMessageRestricted  queue.o
    0x08008e18   0x08008e18   0x0000004c   Code   RO         5407    i.vTaskDelay        tasks.o
    0x08008e64   0x08008e64   0x00000090   Code   RO         5409    i.vTaskDelete       tasks.o
    0x08008ef4   0x08008ef4   0x00000010   Code   RO         5412    i.vTaskInternalSetTimeOutState  tasks.o
    0x08008f04   0x08008f04   0x0000000c   Code   RO         5413    i.vTaskMissedYield  tasks.o
    0x08008f10   0x08008f10   0x00000030   Code   RO         5415    i.vTaskPlaceOnEventList  tasks.o
    0x08008f40   0x08008f40   0x00000038   Code   RO         5416    i.vTaskPlaceOnEventListRestricted  tasks.o
    0x08008f78   0x08008f78   0x0000007c   Code   RO         5421    i.vTaskResume       tasks.o
    0x08008ff4   0x08008ff4   0x00000088   Code   RO         5424    i.vTaskStartScheduler  tasks.o
    0x0800907c   0x0800907c   0x0000009c   Code   RO         5425    i.vTaskSuspend      tasks.o
    0x08009118   0x08009118   0x00000010   Code   RO         5426    i.vTaskSuspendAll   tasks.o
    0x08009128   0x08009128   0x00000064   Code   RO         5427    i.vTaskSwitchContext  tasks.o
    0x0800918c   0x0800918c   0x000000a8   Code   RO         6495    i.xPortStartScheduler  port.o
    0x08009234   0x08009234   0x00000042   Code   RO         5005    i.xQueueGenericCreate  queue.o
    0x08009276   0x08009276   0x00000066   Code   RO         5006    i.xQueueGenericCreateStatic  queue.o
    0x080092dc   0x080092dc   0x00000088   Code   RO         5007    i.xQueueGenericReset  queue.o
    0x08009364   0x08009364   0x00000160   Code   RO         5008    i.xQueueGenericSend  queue.o
    0x080094c4   0x080094c4   0x000000be   Code   RO         5009    i.xQueueGenericSendFromISR  queue.o
    0x08009582   0x08009582   0x00000002   PAD
    0x08009584   0x08009584   0x00000138   Code   RO         5018    i.xQueueReceive     queue.o
    0x080096bc   0x080096bc   0x00000074   Code   RO         5429    i.xTaskCheckForTimeOut  tasks.o
    0x08009730   0x08009730   0x0000005a   Code   RO         5430    i.xTaskCreate       tasks.o
    0x0800978a   0x0800978a   0x00000056   Code   RO         5431    i.xTaskCreateStatic  tasks.o
    0x080097e0   0x080097e0   0x0000001c   Code   RO         5435    i.xTaskGetSchedulerState  tasks.o
    0x080097fc   0x080097fc   0x0000000c   Code   RO         5436    i.xTaskGetTickCount  tasks.o
    0x08009808   0x08009808   0x000000c8   Code   RO         5438    i.xTaskIncrementTick  tasks.o
    0x080098d0   0x080098d0   0x00000080   Code   RO         5441    i.xTaskPriorityDisinherit  tasks.o
    0x08009950   0x08009950   0x00000070   Code   RO         5443    i.xTaskRemoveFromEventList  tasks.o
    0x080099c0   0x080099c0   0x000000c4   Code   RO         5444    i.xTaskResumeAll    tasks.o
    0x08009a84   0x08009a84   0x00000060   Code   RO         5769    i.xTimerCreateTimerTask  timers.o
    0x08009ae4   0x08009ae4   0x00000068   Code   RO         5770    i.xTimerGenericCommand  timers.o
    0x08009b4c   0x08009b4c   0x0000002c   Code   RO         6951    locale$$code        c_w.l(lc_numeric_c.o)
    0x08009b78   0x08009b78   0x0000002c   Code   RO         6976    locale$$code        c_w.l(lc_ctype_c.o)
    0x08009ba4   0x08009ba4   0x00000062   Code   RO         6588    x$fpl$d2f           fz_ws.l(d2f.o)
    0x08009c06   0x08009c06   0x00000002   PAD
    0x08009c08   0x08009c08   0x00000150   Code   RO         6590    x$fpl$dadd          fz_ws.l(daddsub_clz.o)
    0x08009d58   0x08009d58   0x00000010   Code   RO         6965    x$fpl$dcheck1       fz_ws.l(dcheck1.o)
    0x08009d68   0x08009d68   0x000002b0   Code   RO         6597    x$fpl$ddiv          fz_ws.l(ddiv.o)
    0x0800a018   0x0800a018   0x0000005e   Code   RO         6600    x$fpl$dfix          fz_ws.l(dfix.o)
    0x0800a076   0x0800a076   0x00000002   PAD
    0x0800a078   0x0800a078   0x0000005a   Code   RO         6604    x$fpl$dfixu         fz_ws.l(dfixu.o)
    0x0800a0d2   0x0800a0d2   0x0000002e   Code   RO         6609    x$fpl$dflt          fz_ws.l(dflt_clz.o)
    0x0800a100   0x0800a100   0x00000026   Code   RO         6608    x$fpl$dfltu         fz_ws.l(dflt_clz.o)
    0x0800a126   0x0800a126   0x00000002   PAD
    0x0800a128   0x0800a128   0x00000154   Code   RO         6616    x$fpl$dmul          fz_ws.l(dmul.o)
    0x0800a27c   0x0800a27c   0x0000009c   Code   RO         6807    x$fpl$dnaninf       fz_ws.l(dnaninf.o)
    0x0800a318   0x0800a318   0x0000000c   Code   RO         6809    x$fpl$dretinf       fz_ws.l(dretinf.o)
    0x0800a324   0x0800a324   0x00000016   Code   RO         6591    x$fpl$drsb          fz_ws.l(daddsub_clz.o)
    0x0800a33a   0x0800a33a   0x00000002   PAD
    0x0800a33c   0x0800a33c   0x000001d4   Code   RO         6592    x$fpl$dsub          fz_ws.l(daddsub_clz.o)
    0x0800a510   0x0800a510   0x00000056   Code   RO         6620    x$fpl$f2d           fz_ws.l(f2d.o)
    0x0800a566   0x0800a566   0x00000002   PAD
    0x0800a568   0x0800a568   0x000000c4   Code   RO         6622    x$fpl$fadd          fz_ws.l(faddsub_clz.o)
    0x0800a62c   0x0800a62c   0x00000184   Code   RO         6629    x$fpl$fdiv          fz_ws.l(fdiv.o)
    0x0800a7b0   0x0800a7b0   0x00000036   Code   RO         6632    x$fpl$ffix          fz_ws.l(ffix.o)
    0x0800a7e6   0x0800a7e6   0x00000002   PAD
    0x0800a7e8   0x0800a7e8   0x00000026   Code   RO         6636    x$fpl$ffltu         fz_ws.l(fflt_clz.o)
    0x0800a80e   0x0800a80e   0x00000002   PAD
    0x0800a810   0x0800a810   0x00000102   Code   RO         6642    x$fpl$fmul          fz_ws.l(fmul.o)
    0x0800a912   0x0800a912   0x0000008c   Code   RO         6811    x$fpl$fnaninf       fz_ws.l(fnaninf.o)
    0x0800a99e   0x0800a99e   0x0000000a   Code   RO         6813    x$fpl$fretinf       fz_ws.l(fretinf.o)
    0x0800a9a8   0x0800a9a8   0x000000ea   Code   RO         6624    x$fpl$fsub          fz_ws.l(faddsub_clz.o)
    0x0800aa92   0x0800aa92   0x00000004   Code   RO         6815    x$fpl$printf1       fz_ws.l(printf1.o)
    0x0800aa96   0x0800aa96   0x00000004   Code   RO         6817    x$fpl$printf2       fz_ws.l(printf2.o)
    0x0800aa9a   0x0800aa9a   0x00000064   Code   RO         6982    x$fpl$retnan        fz_ws.l(retnan.o)
    0x0800aafe   0x0800aafe   0x0000005c   Code   RO         6905    x$fpl$scalbn        fz_ws.l(scalbn.o)
    0x0800ab5a   0x0800ab5a   0x00000030   Code   RO         7000    x$fpl$trapveneer    fz_ws.l(trapv.o)
    0x0800ab8a   0x0800ab8a   0x00000000   Code   RO         6823    x$fpl$usenofp       fz_ws.l(usenofp.o)
    0x0800ab8a   0x0800ab8a   0x00000002   PAD
    0x0800ab8c   0x0800ab8c   0x00000024   Data   RO          378    .constdata          freertos.o
    0x0800abb0   0x0800abb0   0x00000012   Data   RO         1268    .constdata          stm32f1xx_hal_rcc.o
    0x0800abc2   0x0800abc2   0x00000012   Data   RO         1360    .constdata          stm32f1xx_hal_rcc_ex.o
    0x0800abd4   0x0800abd4   0x00000010   Data   RO         3667    .constdata          system_stm32f1xx.o
    0x0800abe4   0x0800abe4   0x00000008   Data   RO         3668    .constdata          system_stm32f1xx.o
    0x0800abec   0x0800abec   0x000005f0   Data   RO         3955    .constdata          oled_data.o
    0x0800b1dc   0x0800b1dc   0x0000023a   Data   RO         3956    .constdata          oled_data.o
    0x0800b416   0x0800b416   0x00000d5c   Data   RO         3957    .constdata          oled_data.o
    0x0800c172   0x0800c172   0x000014c8   Data   RO         3958    .constdata          oled_data.o
    0x0800d63a   0x0800d63a   0x00000a20   Data   RO         3959    .constdata          oled_data.o
    0x0800e05a   0x0800e05a   0x00000020   Data   RO         3961    .constdata          oled_data.o
    0x0800e07a   0x0800e07a   0x00000020   Data   RO         3964    .constdata          oled_data.o
    0x0800e09a   0x0800e09a   0x00000400   Data   RO         3965    .constdata          oled_data.o
    0x0800e49a   0x0800e49a   0x00000100   Data   RO         3966    .constdata          oled_data.o
    0x0800e59a   0x0800e59a   0x00000090   Data   RO         3967    .constdata          oled_data.o
    0x0800e62a   0x0800e62a   0x00000010   Data   RO         3968    .constdata          oled_data.o
    0x0800e63a   0x0800e63a   0x00000090   Data   RO         3969    .constdata          oled_data.o
    0x0800e6ca   0x0800e6ca   0x00000108   Data   RO         3970    .constdata          oled_data.o
    0x0800e7d2   0x0800e7d2   0x00000080   Data   RO         3971    .constdata          oled_data.o
    0x0800e852   0x0800e852   0x00000008   Data   RO         3972    .constdata          oled_data.o
    0x0800e85a   0x0800e85a   0x00000020   Data   RO         3974    .constdata          oled_data.o
    0x0800e87a   0x0800e87a   0x00000020   Data   RO         3975    .constdata          oled_data.o
    0x0800e89a   0x0800e89a   0x00000002   PAD
    0x0800e89c   0x0800e89c   0x00000008   Data   RO         6680    .constdata          c_w.l(_printf_wctomb.o)
    0x0800e8a4   0x0800e8a4   0x00000028   Data   RO         6709    .constdata          c_w.l(_printf_hex_int_ll_ptr.o)
    0x0800e8cc   0x0800e8cc   0x00000011   Data   RO         6729    .constdata          c_w.l(__printf_flags_ss_wp.o)
    0x0800e8dd   0x0800e8dd   0x00000003   PAD
    0x0800e8e0   0x0800e8e0   0x00000030   Data   RO         6835    .constdata          m_ws.l(cos_i.o)
    0x0800e910   0x0800e910   0x000000c8   Data   RO         6854    .constdata          m_ws.l(rred.o)
    0x0800e9d8   0x0800e9d8   0x00000028   Data   RO         6858    .constdata          m_ws.l(sin_i.o)
    0x0800ea00   0x0800ea00   0x00000026   Data   RO         6890    .constdata          c_w.l(_printf_fp_hex.o)
    0x0800ea26   0x0800ea26   0x00000002   PAD
    0x0800ea28   0x0800ea28   0x00000094   Data   RO         6926    .constdata          c_w.l(bigflt0.o)
    0x0800eabc   0x0800eabc   0x0000000c   Data   RO          379    .conststring        freertos.o
    0x0800eac8   0x0800eac8   0x00000020   Data   RO         7049    Region$$Table       anon$$obj.o
    0x0800eae8   0x0800eae8   0x0000001c   Data   RO         6950    locale$$data        c_w.l(lc_numeric_c.o)
    0x0800eb04   0x0800eb04   0x00000110   Data   RO         6975    locale$$data        c_w.l(lc_ctype_c.o)


    Execution Region RW_IRAM1 (Exec base: 0x20000000, Load base: 0x0800ec14, Size: 0x00004450, Max: 0x00005000, ABSOLUTE, COMPRESSED[0x0000007c])

    Exec Addr    Load Addr    Size         Type   Attr      Idx    E Section Name        Object

    0x20000000   COMPRESSED   0x00000048   Data   RW           30    .data               main.o
    0x20000048   COMPRESSED   0x00000004   Data   RW          380    .data               freertos.o
    0x2000004c   COMPRESSED   0x0000000c   Data   RW         1105    .data               stm32f1xx_hal.o
    0x20000058   COMPRESSED   0x00000004   Data   RW         3669    .data               system_stm32f1xx.o
    0x2000005c   COMPRESSED   0x00000038   Data   RW         3995    .data               myrtc.o
    0x20000094   COMPRESSED   0x00000008   Data   RW         4073    .data               key.o
    0x2000009c   COMPRESSED   0x000000c8   Data   RW         4139    .data               menu.o
    0x20000164   COMPRESSED   0x00000004   Data   RW         4313    .data               settime.o
    0x20000168   COMPRESSED   0x00000028   Data   RW         4392    .data               dino.o
    0x20000190   COMPRESSED   0x0000002e   Data   RW         4596    .data               step_counting.o
    0x200001be   COMPRESSED   0x0000000b   Data   RW         4710    .data               serial.o
    0x200001c9   COMPRESSED   0x00000002   Data   RW         4781    .data               lift_int.o
    0x200001cb   COMPRESSED   0x00000001   PAD
    0x200001cc   COMPRESSED   0x0000003c   Data   RW         5447    .data               tasks.o
    0x20000208   COMPRESSED   0x00000014   Data   RW         5778    .data               timers.o
    0x2000021c   COMPRESSED   0x00000004   Data   RW         5999    .data               cmsis_os2.o
    0x20000220   COMPRESSED   0x00000020   Data   RW         6440    .data               heap_4.o
    0x20000240   COMPRESSED   0x0000000c   Data   RW         6496    .data               port.o
    0x2000024c        -       0x00000030   Zero   RW          422    .bss                adc.o
    0x2000027c        -       0x00000014   Zero   RW          464    .bss                rtc.o
    0x20000290        -       0x000000d8   Zero   RW          509    .bss                tim.o
    0x20000368        -       0x00000048   Zero   RW          566    .bss                usart.o
    0x200003b0        -       0x00000048   Zero   RW          732    .bss                stm32f1xx_hal_timebase_tim.o
    0x200003f8        -       0x00000400   Zero   RW         3740    .bss                oled.o
    0x200007f8        -       0x0000003e   Zero   RW         4595    .bss                step_counting.o
    0x20000836   COMPRESSED   0x00000002   PAD
    0x20000838        -       0x00000040   Zero   RW         5022    .bss                queue.o
    0x20000878        -       0x000004c4   Zero   RW         5446    .bss                tasks.o
    0x20000d3c        -       0x00000118   Zero   RW         5777    .bss                timers.o
    0x20000e54        -       0x000006b8   Zero   RW         5998    .bss                cmsis_os2.o
    0x2000150c        -       0x00002800   Zero   RW         6439    .bss                heap_4.o
    0x20003d0c        -       0x000000e4   Zero   RW         6571    .bss                c_w.l(rand.o)
    0x20003df0        -       0x00000060   Zero   RW         6912    .bss                c_w.l(libspace.o)
    0x20003e50        -       0x00000200   Zero   RW            2    HEAP                startup_stm32f103xb.o
    0x20004050        -       0x00000400   Zero   RW            1    STACK               startup_stm32f103xb.o


==============================================================================

Image component sizes


      Code (inc. data)   RO Data    RW Data    ZI Data      Debug   Object Name

        32          4          0          0          0        502   ad.o
       168         22          0          0         48       1769   adc.o
       300         22          0          4       1720      58605   cmsis_os2.o
       832        124          0         40          0       5966   dino.o
         0          0          0          0          0      19780   event_groups.o
        32         14         48          4          0       1330   freertos.o
       316         22          0          0          0       1071   gpio.o
       472         24          0         32      10240       4951   heap_4.o
       176         28          0          8          0       2420   key.o
       398         10          0          2          0       2421   lift_int.o
       138          0          0          0          0       3586   list.o
      1942        396          0         72          0     502687   main.o
      4804        690          0        200          0      18670   menu.o
       316          0          0          0          0       2926   mpu6050.o
        14          0          0          0          0        483   mydelay.o
       300         12          0          0          0       5089   myi2c.o
       356         38          0         56          0       3439   myrtc.o
      1590         68          0          0       1024      16312   oled.o
         0          0      15534          0          0       1990   oled_data.o
       662         70          0         12          0      11089   port.o
      1580         20          0          0         64      18546   queue.o
        84         22          0          0         20       1583   rtc.o
        96          8          0         11          0       1811   serial.o
      1476        246          0          4          0       5881   settime.o
        64         26        236          0       1536        836   startup_stm32f103xb.o
       952         64          0         46         62       8713   step_counting.o
       100         18          0         12          0       5458   stm32f1xx_hal.o
      1260         54          0          0          0       6776   stm32f1xx_hal_adc.o
       158         14          0          0          0      28342   stm32f1xx_hal_cortex.o
       222          4          0          0          0       1863   stm32f1xx_hal_dma.o
       524         40          0          0          0       4262   stm32f1xx_hal_gpio.o
        72         10          0          0          0        930   stm32f1xx_hal_msp.o
        86         12          0          0          0       1719   stm32f1xx_hal_pwr.o
      1304         94         18          0          0       5961   stm32f1xx_hal_rcc.o
       400         28         18          0          0       2561   stm32f1xx_hal_rcc_ex.o
      1400         12          0          0          0      13232   stm32f1xx_hal_rtc.o
        32         10          0          0          0       1731   stm32f1xx_hal_rtc_ex.o
      1898         60          0          0          0      18212   stm32f1xx_hal_tim.o
       108         12          0          0          0       2529   stm32f1xx_hal_tim_ex.o
       180         34          0          0         72       2506   stm32f1xx_hal_timebase_tim.o
      1200         10          0          0          0       8308   stm32f1xx_hal_uart.o
        92         28          0          0          0       6070   stm32f1xx_it.o
         0          0          0          0          0        400   stream_buffer.o
         2          0         24          4          0       1211   system_stm32f1xx.o
      2560        212          0         60       1220      30443   tasks.o
       576         50          0          0        216       3914   tim.o
       972         80          0         20        280      30035   timers.o
       188         22          0          0         72       1818   usart.o

    ----------------------------------------------------------------------
     30496       2734      15912        588      16576     880737   Object Totals
         0          0         32          0          0          0   (incl. Generated)
        62          0          2          1          2          0   (incl. Padding)

    ----------------------------------------------------------------------

      Code (inc. data)   RO Data    RW Data    ZI Data      Debug   Library Member Name

        90          0          0          0          0          0   __dczerorl2.o
         8          0          0          0          0         68   __main.o
       392          4         17          0          0         92   __printf_flags_ss_wp.o
        14          0          0          0          0         68   __printf_wp.o
         0          0          0          0          0          0   __rtentry.o
        12          0          0          0          0          0   __rtentry2.o
         6          0          0          0          0          0   __rtentry4.o
        52          8          0          0          0          0   __scatter.o
        28          0          0          0          0          0   __scatter_zi.o
         6          0          0          0          0          0   _printf_a.o
         6          0          0          0          0          0   _printf_c.o
        44          0          0          0          0        108   _printf_char.o
        48          6          0          0          0         96   _printf_char_common.o
        40          0          0          0          0         68   _printf_charcount.o
         6          0          0          0          0          0   _printf_d.o
       120         16          0          0          0         92   _printf_dec.o
         6          0          0          0          0          0   _printf_e.o
         6          0          0          0          0          0   _printf_f.o
      1054          0          0          0          0        216   _printf_fp_dec.o
       764          8         38          0          0        100   _printf_fp_hex.o
       128         16          0          0          0         84   _printf_fp_infnan.o
         6          0          0          0          0          0   _printf_g.o
       148          4         40          0          0        160   _printf_hex_int_ll_ptr.o
         6          0          0          0          0          0   _printf_i.o
       178          0          0          0          0         88   _printf_intcommon.o
        10          0          0          0          0          0   _printf_l.o
         6          0          0          0          0          0   _printf_lc.o
        10          0          0          0          0          0   _printf_ll.o
         6          0          0          0          0          0   _printf_lld.o
         6          0          0          0          0          0   _printf_lli.o
         6          0          0          0          0          0   _printf_llo.o
         6          0          0          0          0          0   _printf_llu.o
         6          0          0          0          0          0   _printf_llx.o
       124         16          0          0          0         92   _printf_longlong_dec.o
         6          0          0          0          0          0   _printf_ls.o
         6          0          0          0          0          0   _printf_n.o
         6          0          0          0          0          0   _printf_o.o
       112         10          0          0          0        124   _printf_oct_int_ll.o
         6          0          0          0          0          0   _printf_p.o
        78          0          0          0          0        108   _printf_pad.o
         0          0          0          0          0          0   _printf_percent.o
         4          0          0          0          0          0   _printf_percent_end.o
         6          0          0          0          0          0   _printf_s.o
        82          0          0          0          0         80   _printf_str.o
        36          0          0          0          0         84   _printf_truncate.o
         6          0          0          0          0          0   _printf_u.o
        44          0          0          0          0        108   _printf_wchar.o
       188          6          8          0          0         92   _printf_wctomb.o
         6          0          0          0          0          0   _printf_x.o
        22          0          0          0          0        100   _rserrno.o
        10          0          0          0          0         68   _sputc.o
        64          0          0          0          0         92   _wcrtomb.o
        16          0          0          0          0         68   aeabi_memset.o
       228          4        148          0          0         96   bigflt0.o
      1936        128          0          0          0        672   btod.o
        18          0          0          0          0         80   exit.o
         6          0          0          0          0        152   heapauxi.o
         0          0          0          0          0          0   indicate_semi.o
        44         10        272          0          0         76   lc_ctype_c.o
        44         10         28          0          0         76   lc_numeric_c.o
         2          0          0          0          0          0   libinit.o
        34          0          0          0          0          0   libinit2.o
         2          0          0          0          0          0   libshutdown.o
         2          0          0          0          0          0   libshutdown2.o
         8          4          0          0         96         68   libspace.o
       138          0          0          0          0         80   lludiv10.o
       112         18          0          0        228        160   rand.o
        16          4          0          0          0         76   rt_ctype_table.o
         8          4          0          0          0         68   rt_errno_addr_intlibspace.o
         8          4          0          0          0         68   rt_locale_intlibspace.o
        68          0          0          0          0         68   rt_memclr.o
        78          0          0          0          0         80   rt_memclr_w.o
       138          0          0          0          0         68   rt_memcpy_v6.o
       100          0          0          0          0         80   rt_memcpy_w.o
         2          0          0          0          0          0   rtexit.o
        10          0          0          0          0          0   rtexit2.o
       128          0          0          0          0         68   strcmpv7m.o
        12          4          0          0          0         68   sys_exit.o
        74          0          0          0          0         80   sys_stackheap_outer.o
         2          0          0          0          0         68   use_no_semi.o
        36          4          0          0          0         76   vsprintf.o
        98          4          0          0          0         92   d2f.o
       826         16          0          0          0        348   daddsub_clz.o
        16          4          0          0          0         68   dcheck1.o
       688        140          0          0          0        208   ddiv.o
        94          4          0          0          0         92   dfix.o
        90          4          0          0          0         92   dfixu.o
        84          0          0          0          0        136   dflt_clz.o
       340         12          0          0          0        104   dmul.o
       156          4          0          0          0         92   dnaninf.o
        12          0          0          0          0         68   dretinf.o
        86          4          0          0          0         84   f2d.o
       430          8          0          0          0        168   faddsub_clz.o
       388         76          0          0          0         96   fdiv.o
        54          4          0          0          0         84   ffix.o
        38          0          0          0          0         68   fflt_clz.o
       258          4          0          0          0         84   fmul.o
       140          4          0          0          0         84   fnaninf.o
        10          0          0          0          0         68   fretinf.o
         4          0          0          0          0         68   printf1.o
         4          0          0          0          0         68   printf2.o
       100          0          0          0          0         68   retnan.o
        92          0          0          0          0         68   scalbn.o
        48          0          0          0          0         68   trapv.o
         0          0          0          0          0          0   usenofp.o
       252         22         48          0          0        124   cos_i.o
        34          6          0          0          0        204   dunder.o
        40          0          0          0          0         68   fpclassify.o
       170          0          0          0          0         96   poly.o
       904         76        200          0          0        140   rred.o
       160         10          0          0          0        108   sin.o
       236         12         40          0          0        128   sin_i.o

    ----------------------------------------------------------------------
     13184        702        844          0        324       7828   Library Totals
        32          0          5          0          0          0   (incl. Padding)

    ----------------------------------------------------------------------

      Code (inc. data)   RO Data    RW Data    ZI Data      Debug   Library Name

      7300        288        551          0        324       4584   c_w.l
      4056        288          0          0          0       2376   fz_ws.l
      1796        126        288          0          0        868   m_ws.l

    ----------------------------------------------------------------------
     13184        702        844          0        324       7828   Library Totals

    ----------------------------------------------------------------------

==============================================================================


      Code (inc. data)   RO Data    RW Data    ZI Data      Debug   

     43680       3436      16756        588      16900     868541   Grand Totals
     43680       3436      16756        124      16900     868541   ELF Image Totals (compressed)
     43680       3436      16756        124          0          0   ROM Totals

==============================================================================

    Total RO  Size (Code + RO Data)                60436 (  59.02kB)
    Total RW  Size (RW Data + ZI Data)             17488 (  17.08kB)
    Total ROM Size (Code + RO Data + RW Data)      60560 (  59.14kB)

==============================================================================

